
C:\Users\Redmi\Desktop\BetterMods\BetterNether-1.21.11>if "Windows_NT" == "Windows_NT" setlocal

C:\Users\Redmi\Desktop\BetterMods\BetterNether-1.21.11>set DIRNAME=C:\Users\Redmi\Desktop\BetterMods\BetterNether-1.21.11\ 

C:\Users\Redmi\Desktop\BetterMods\BetterNether-1.21.11>if "C:\Users\Redmi\Desktop\BetterMods\BetterNether-1.21.11\" == "" set DIRNAME=. 

C:\Users\Redmi\Desktop\BetterMods\BetterNether-1.21.11>set APP_BASE_NAME=gradlew 

C:\Users\Redmi\Desktop\BetterMods\BetterNether-1.21.11>set APP_HOME=C:\Users\Redmi\Desktop\BetterMods\BetterNether-1.21.11\ 

C:\Users\Redmi\Desktop\BetterMods\BetterNether-1.21.11>for %i in ("C:\Users\Redmi\Desktop\BetterMods\BetterNether-1.21.11\") do set APP_HOME=%~fi 

C:\Users\Redmi\Desktop\BetterMods\BetterNether-1.21.11>set APP_HOME=C:\Users\Redmi\Desktop\BetterMods\BetterNether-1.21.11\ 

C:\Users\Redmi\Desktop\BetterMods\BetterNether-1.21.11>set DEFAULT_JVM_OPTS="-Xmx64m" "-Xms64m" 

C:\Users\Redmi\Desktop\BetterMods\BetterNether-1.21.11>if defined JAVA_HOME goto findJavaFromJavaHome 

C:\Users\Redmi\Desktop\BetterMods\BetterNether-1.21.11>set JAVA_HOME=C:\Program Files\Java\jdk-21 

C:\Users\Redmi\Desktop\BetterMods\BetterNether-1.21.11>set JAVA_EXE=C:\Program Files\Java\jdk-21/bin/java.exe 

C:\Users\Redmi\Desktop\BetterMods\BetterNether-1.21.11>if exist "C:\Program Files\Java\jdk-21/bin/java.exe" goto execute 

C:\Users\Redmi\Desktop\BetterMods\BetterNether-1.21.11>set CLASSPATH=C:\Users\Redmi\Desktop\BetterMods\BetterNether-1.21.11\\gradle\wrapper\gradle-wrapper.jar 

C:\Users\Redmi\Desktop\BetterMods\BetterNether-1.21.11>"C:\Program Files\Java\jdk-21/bin/java.exe" "-Xmx64m" "-Xms64m"   "-Dorg.gradle.appname=gradlew" -classpath "C:\Users\Redmi\Desktop\BetterMods\BetterNether-1.21.11\\gradle\wrapper\gradle-wrapper.jar" org.gradle.wrapper.GradleWrapperMain compileJava --console=plain 
To honour the JVM settings for this build a single-use Daemon process will be forked. For more on this, please refer to https://docs.gradle.org/8.13/userguide/gradle_daemon.html#sec:disabling_the_daemon in the Gradle documentation.
Daemon will be stopped at the end of the build 
IntelliJ: false
!! Using local BCLib from '..\BCLib-1.21.11'
!! Using local WunderLib from '..\WunderLib-1.21.11'
!! Using local WorldWeaver from '..\WorldWeaver-1.21.11'
:WorldWeaverIncluding module wover-common-api from ..\WorldWeaver-1.21.11\wover-common-api
:WorldWeaverIncluding module wover-core-api from ..\WorldWeaver-1.21.11\wover-core-api
:WorldWeaverIncluding module wover-math-api from ..\WorldWeaver-1.21.11\wover-math-api
:WorldWeaverIncluding module wover-event-api from ..\WorldWeaver-1.21.11\wover-event-api
:WorldWeaverIncluding module wover-surface-api from ..\WorldWeaver-1.21.11\wover-surface-api
:WorldWeaverIncluding module wover-ui-api from ..\WorldWeaver-1.21.11\wover-ui-api
:WorldWeaverIncluding module wover-datagen-api from ..\WorldWeaver-1.21.11\wover-datagen-api
:WorldWeaverIncluding module wover-tag-api from ..\WorldWeaver-1.21.11\wover-tag-api
:WorldWeaverIncluding module wover-preset-api from ..\WorldWeaver-1.21.11\wover-preset-api
:WorldWeaverIncluding module wover-block-api from ..\WorldWeaver-1.21.11\wover-block-api
:WorldWeaverIncluding module wover-item-api from ..\WorldWeaver-1.21.11\wover-item-api
:WorldWeaverIncluding module wover-recipe-api from ..\WorldWeaver-1.21.11\wover-recipe-api
:WorldWeaverIncluding module wover-feature-api from ..\WorldWeaver-1.21.11\wover-feature-api
:WorldWeaverIncluding module wover-structure-api from ..\WorldWeaver-1.21.11\wover-structure-api
:WorldWeaverIncluding module wover-biome-api from ..\WorldWeaver-1.21.11\wover-biome-api
:WorldWeaverIncluding module wover-generator-api from ..\WorldWeaver-1.21.11\wover-generator-api

> Configure project :
Using local BCLib: true
Using local WunderLib: true
Using local WorldWeaver: true
Version: 21.0.18
-------------------------------------
Mod ID: betternether
Loader: neoforge
Game Version: 1.21.11
Release Mode: false
-------------------------------------
Downloading mod dependencies from https://raw.githubusercontent.com/betterx/BetterX_Mod_Deps/main/mod_dependencies.json...
Failed to load mod dependencies: https://raw.githubusercontent.com/betterx/BetterX_Mod_Deps/main/mod_dependencies.json

> Configure project :BCLib
EMI runtime disabled (set -Penable_emi_runtime=true to re-enable)
Using local WunderLib: true
Using local WorldWeaver: true
Version: 21.0.19

> Configure project :WorldWeaver
Adding dependencies for WorldWeaver
Adding dependencies for wover-biome-api
Adding dependencies for wover-block-api
Adding dependencies for wover-common-api
Adding dependencies for wover-core-api
Adding dependencies for wover-datagen-api
Adding dependencies for wover-event-api
Adding dependencies for wover-feature-api
Adding dependencies for wover-generator-api
Adding dependencies for wover-item-api
Adding dependencies for wover-math-api
Adding dependencies for wover-preset-api
Adding dependencies for wover-recipe-api
Adding dependencies for wover-structure-api
Adding dependencies for wover-surface-api
Adding dependencies for wover-tag-api
Adding dependencies for wover-ui-api

> Configure project :wunderlib
wunderlib.gradle
> Task :createMinecraftArtifacts
Loaded 141 artifacts from C:\Users\Redmi\Desktop\BetterMods\BetterNether-1.21.11\build\tmp\createMinecraftArtifacts\nfrt_artifact_manifest.properties
[1m*** Started working on [4mdownloadJson[0m[0m
 [1m[92mDONE [0m Completed [4mdownloadJson[0m in 0.04s
[1m*** Started working on [4mdownloadClientMappings[0m[0m
[1m*** Started working on [4mdownloadClient[0m[0m
[1m*** Started working on [4mdownloadServer[0m[0m
 [1m[92mDONE [0m Completed [4mdownloadServer[0m in 0.05s
 [1m[92mDONE [0m Completed [4mdownloadClient[0m in 0.05s
 [1m[92mDONE [0m Completed [4mdownloadClientMappings[0m in 0.05s
[1m*** Started working on [4mmergeMappings[0m[0m
 [1m[92mREUSE[0m Used cache of [4mmergeMappings[0m in 0.00s
[1m*** Started working on [4mextractServer[0m[0m
 [1m[92mREUSE[0m Used cache of [4mextractServer[0m in 0.00s
[1m*** Started working on [4mstripClient[0m[0m
[1m*** Started working on [4mstripServer[0m[0m
 [1m[92mREUSE[0m Used cache of [4mstripClient[0m in 0.00s
 [1m[92mREUSE[0m Used cache of [4mstripServer[0m in 0.00s
[1m*** Started working on [4mmerge[0m[0m
 [1m[92mREUSE[0m Used cache of [4mmerge[0m in 0.00s
[1m*** Started working on [4mrename[0m[0m
 [1m[92mREUSE[0m Used cache of [4mrename[0m in 0.00s
[1m*** Started working on [4mdecompile[0m[0m
 [1m[92mREUSE[0m Used cache of [4mdecompile[0m in 0.00s
[1m*** Started working on [4minject[0m[0m
 [1m[92mREUSE[0m Used cache of [4minject[0m in 0.00s
[1m*** Started working on [4mpatch[0m[0m
 [1m[92mREUSE[0m Used cache of [4mpatch[0m in 0.00s
[1m*** Started working on [4mapplyNeoforgePatches[0m[0m
 [1m[92mREUSE[0m Used cache of [4mapplyNeoforgePatches[0m in 0.00s
[1m*** Started working on [4mtransformSources[0m[0m
 [1m[92mREUSE[0m Used cache of [4mtransformSources[0m in 0.00s
[1m*** Started working on [4mrecompile[0m[0m
 [1m[92mREUSE[0m Used cache of [4mrecompile[0m in 0.00s
[1m*** Started working on [4msourcesWithNeoForge[0m[0m
 [1m[92mREUSE[0m Used cache of [4msourcesWithNeoForge[0m in 0.00s
[1m*** Started working on [4mcompiledWithNeoForge[0m[0m
 [1m[92mREUSE[0m Used cache of [4mcompiledWithNeoForge[0m in 0.00s
[1m*** Started working on [4msourcesAndCompiledWithNeoForge[0m[0m
 [1m[92mREUSE[0m Used cache of [4msourcesAndCompiledWithNeoForge[0m in 0.00s
Total runtime: 2.51s


> Task :generateMixinMappings UP-TO-DATE
> Task :BCLib:processResources UP-TO-DATE

> Task :BCLib:createMinecraftArtifacts
Loaded 141 artifacts from C:\Users\Redmi\Desktop\BetterMods\BCLib-1.21.11\build\tmp\createMinecraftArtifacts\nfrt_artifact_manifest.properties
[1m*** Started working on [4mdownloadJson[0m[0m
 [1m[92mDONE [0m Completed [4mdownloadJson[0m in 0.03s
[1m*** Started working on [4mdownloadClient[0m[0m
[1m*** Started working on [4mdownloadClientMappings[0m[0m
[1m*** Started working on [4mdownloadServer[0m[0m
 [1m[92mDONE [0m Completed [4mdownloadClientMappings[0m in 0.05s
 [1m[92mDONE [0m Completed [4mdownloadClient[0m in 0.05s
 [1m[92mDONE [0m Completed [4mdownloadServer[0m in 0.05s
[1m*** Started working on [4mmergeMappings[0m[0m
 [1m[92mREUSE[0m Used cache of [4mmergeMappings[0m in 0.00s
[1m*** Started working on [4mextractServer[0m[0m
 [1m[92mREUSE[0m Used cache of [4mextractServer[0m in 0.00s
[1m*** Started working on [4mstripClient[0m[0m
[1m*** Started working on [4mstripServer[0m[0m
 [1m[92mREUSE[0m Used cache of [4mstripServer[0m in 0.00s
 [1m[92mREUSE[0m Used cache of [4mstripClient[0m in 0.00s
[1m*** Started working on [4mmerge[0m[0m
 [1m[92mREUSE[0m Used cache of [4mmerge[0m in 0.00s
[1m*** Started working on [4mrename[0m[0m
 [1m[92mREUSE[0m Used cache of [4mrename[0m in 0.00s
[1m*** Started working on [4mdecompile[0m[0m
 [1m[92mREUSE[0m Used cache of [4mdecompile[0m in 0.00s
[1m*** Started working on [4minject[0m[0m
 [1m[92mREUSE[0m Used cache of [4minject[0m in 0.00s
[1m*** Started working on [4mpatch[0m[0m
 [1m[92mREUSE[0m Used cache of [4mpatch[0m in 0.00s
[1m*** Started working on [4mapplyNeoforgePatches[0m[0m
 [1m[92mREUSE[0m Used cache of [4mapplyNeoforgePatches[0m in 0.00s
[1m*** Started working on [4mtransformSources[0m[0m
 [1m[92mREUSE[0m Used cache of [4mtransformSources[0m in 0.00s
[1m*** Started working on [4mrecompile[0m[0m
 [1m[92mREUSE[0m Used cache of [4mrecompile[0m in 0.00s
[1m*** Started working on [4msourcesWithNeoForge[0m[0m
 [1m[92mREUSE[0m Used cache of [4msourcesWithNeoForge[0m in 0.00s
[1m*** Started working on [4mcompiledWithNeoForge[0m[0m
 [1m[92mREUSE[0m Used cache of [4mcompiledWithNeoForge[0m in 0.00s
[1m*** Started working on [4msourcesAndCompiledWithNeoForge[0m[0m
 [1m[92mREUSE[0m Used cache of [4msourcesAndCompiledWithNeoForge[0m in 0.00s
Total runtime: 2.39s


> Task :BCLib:generateMixinMappings UP-TO-DATE

> Task :WorldWeaver:createMinecraftArtifacts
Loaded 141 artifacts from C:\Users\Redmi\Desktop\BetterMods\WorldWeaver-1.21.11\build\tmp\createMinecraftArtifacts\nfrt_artifact_manifest.properties
[1m*** Started working on [4mdownloadJson[0m[0m
 [1m[92mDONE [0m Completed [4mdownloadJson[0m in 0.04s
[1m*** Started working on [4mdownloadClientMappings[0m[0m
[1m*** Started working on [4mdownloadClient[0m[0m
[1m*** Started working on [4mdownloadServer[0m[0m
 [1m[92mDONE [0m Completed [4mdownloadClient[0m in 0.05s
 [1m[92mDONE [0m Completed [4mdownloadClientMappings[0m in 0.05s
 [1m[92mDONE [0m Completed [4mdownloadServer[0m in 0.05s
[1m*** Started working on [4mmergeMappings[0m[0m
 [1m[92mREUSE[0m Used cache of [4mmergeMappings[0m in 0.00s
[1m*** Started working on [4mextractServer[0m[0m
 [1m[92mREUSE[0m Used cache of [4mextractServer[0m in 0.00s
[1m*** Started working on [4mstripServer[0m[0m
[1m*** Started working on [4mstripClient[0m[0m
 [1m[92mREUSE[0m Used cache of [4mstripClient[0m in 0.00s
 [1m[92mREUSE[0m Used cache of [4mstripServer[0m in 0.00s
[1m*** Started working on [4mmerge[0m[0m
 [1m[92mREUSE[0m Used cache of [4mmerge[0m in 0.00s
[1m*** Started working on [4mrename[0m[0m
 [1m[92mREUSE[0m Used cache of [4mrename[0m in 0.00s
[1m*** Started working on [4mdecompile[0m[0m
 [1m[92mREUSE[0m Used cache of [4mdecompile[0m in 0.00s
[1m*** Started working on [4minject[0m[0m
 [1m[92mREUSE[0m Used cache of [4minject[0m in 0.00s
[1m*** Started working on [4mpatch[0m[0m
 [1m[92mREUSE[0m Used cache of [4mpatch[0m in 0.00s
[1m*** Started working on [4mapplyNeoforgePatches[0m[0m
 [1m[92mREUSE[0m Used cache of [4mapplyNeoforgePatches[0m in 0.00s
[1m*** Started working on [4mtransformSources[0m[0m
 [1m[92mREUSE[0m Used cache of [4mtransformSources[0m in 0.00s
[1m*** Started working on [4mrecompile[0m[0m
 [1m[92mREUSE[0m Used cache of [4mrecompile[0m in 0.00s
[1m*** Started working on [4msourcesWithNeoForge[0m[0m
 [1m[92mREUSE[0m Used cache of [4msourcesWithNeoForge[0m in 0.00s
[1m*** Started working on [4mcompiledWithNeoForge[0m[0m
 [1m[92mREUSE[0m Used cache of [4mcompiledWithNeoForge[0m in 0.00s
[1m*** Started working on [4msourcesAndCompiledWithNeoForge[0m[0m
 [1m[92mREUSE[0m Used cache of [4msourcesAndCompiledWithNeoForge[0m in 0.00s
Total runtime: 2.62s


> Task :wunderlib:createMinecraftArtifacts
Loaded 141 artifacts from C:\Users\Redmi\Desktop\BetterMods\WunderLib-1.21.11\build\tmp\createMinecraftArtifacts\nfrt_artifact_manifest.properties
[1m*** Started working on [4mdownloadJson[0m[0m
 [1m[92mDONE [0m Completed [4mdownloadJson[0m in 0.04s
[1m*** Started working on [4mdownloadServer[0m[0m
[1m*** Started working on [4mdownloadClient[0m[0m
[1m*** Started working on [4mdownloadClientMappings[0m[0m
 [1m[92mDONE [0m Completed [4mdownloadClient[0m in 0.05s
 [1m[92mDONE [0m Completed [4mdownloadServer[0m in 0.05s
 [1m[92mDONE [0m Completed [4mdownloadClientMappings[0m in 0.04s
[1m*** Started working on [4mmergeMappings[0m[0m
 [1m[92mREUSE[0m Used cache of [4mmergeMappings[0m in 0.00s
[1m*** Started working on [4mextractServer[0m[0m
 [1m[92mREUSE[0m Used cache of [4mextractServer[0m in 0.00s
[1m*** Started working on [4mstripClient[0m[0m
[1m*** Started working on [4mstripServer[0m[0m
 [1m[92mREUSE[0m Used cache of [4mstripClient[0m in 0.00s
 [1m[92mREUSE[0m Used cache of [4mstripServer[0m in 0.00s
[1m*** Started working on [4mmerge[0m[0m
 [1m[92mREUSE[0m Used cache of [4mmerge[0m in 0.00s
[1m*** Started working on [4mrename[0m[0m
 [1m[92mREUSE[0m Used cache of [4mrename[0m in 0.00s
[1m*** Started working on [4mdecompile[0m[0m
 [1m[92mREUSE[0m Used cache of [4mdecompile[0m in 0.00s
[1m*** Started working on [4minject[0m[0m
 [1m[92mREUSE[0m Used cache of [4minject[0m in 0.00s
[1m*** Started working on [4mpatch[0m[0m
 [1m[92mREUSE[0m Used cache of [4mpatch[0m in 0.00s
[1m*** Started working on [4mapplyNeoforgePatches[0m[0m
 [1m[92mREUSE[0m Used cache of [4mapplyNeoforgePatches[0m in 0.00s
[1m*** Started working on [4mtransformSources[0m[0m
 [1m[92mREUSE[0m Used cache of [4mtransformSources[0m in 0.00s
[1m*** Started working on [4mrecompile[0m[0m
 [1m[92mREUSE[0m Used cache of [4mrecompile[0m in 0.00s
[1m*** Started working on [4msourcesWithNeoForge[0m[0m
 [1m[92mREUSE[0m Used cache of [4msourcesWithNeoForge[0m in 0.00s
[1m*** Started working on [4mcompiledWithNeoForge[0m[0m
 [1m[92mREUSE[0m Used cache of [4mcompiledWithNeoForge[0m in 0.00s
[1m*** Started working on [4msourcesAndCompiledWithNeoForge[0m[0m
 [1m[92mREUSE[0m Used cache of [4msourcesAndCompiledWithNeoForge[0m in 0.00s
Total runtime: 2.36s


> Task :wunderlib:compileJava UP-TO-DATE

> Task :WorldWeaver:wover-biome-api:createMinecraftArtifacts
Loaded 141 artifacts from C:\Users\Redmi\Desktop\BetterMods\WorldWeaver-1.21.11\wover-biome-api\build\tmp\createMinecraftArtifacts\nfrt_artifact_manifest.properties
[1m*** Started working on [4mdownloadJson[0m[0m
 [1m[92mDONE [0m Completed [4mdownloadJson[0m in 0.04s
[1m*** Started working on [4mdownloadServer[0m[0m
[1m*** Started working on [4mdownloadClient[0m[0m
[1m*** Started working on [4mdownloadClientMappings[0m[0m
 [1m[92mDONE [0m Completed [4mdownloadClient[0m in 0.05s
 [1m[92mDONE [0m Completed [4mdownloadServer[0m in 0.05s
 [1m[92mDONE [0m Completed [4mdownloadClientMappings[0m in 0.05s
[1m*** Started working on [4mmergeMappings[0m[0m
 [1m[92mREUSE[0m Used cache of [4mmergeMappings[0m in 0.00s
[1m*** Started working on [4mextractServer[0m[0m
 [1m[92mREUSE[0m Used cache of [4mextractServer[0m in 0.00s
[1m*** Started working on [4mstripServer[0m[0m
[1m*** Started working on [4mstripClient[0m[0m
 [1m[92mREUSE[0m Used cache of [4mstripServer[0m in 0.00s
 [1m[92mREUSE[0m Used cache of [4mstripClient[0m in 0.00s
[1m*** Started working on [4mmerge[0m[0m
 [1m[92mREUSE[0m Used cache of [4mmerge[0m in 0.00s
[1m*** Started working on [4mrename[0m[0m
 [1m[92mREUSE[0m Used cache of [4mrename[0m in 0.00s
[1m*** Started working on [4mdecompile[0m[0m
 [1m[92mREUSE[0m Used cache of [4mdecompile[0m in 0.00s
[1m*** Started working on [4minject[0m[0m
 [1m[92mREUSE[0m Used cache of [4minject[0m in 0.00s
[1m*** Started working on [4mpatch[0m[0m
 [1m[92mREUSE[0m Used cache of [4mpatch[0m in 0.00s
[1m*** Started working on [4mapplyNeoforgePatches[0m[0m
 [1m[92mREUSE[0m Used cache of [4mapplyNeoforgePatches[0m in 0.00s
[1m*** Started working on [4mtransformSources[0m[0m
 [1m[92mREUSE[0m Used cache of [4mtransformSources[0m in 0.00s
[1m*** Started working on [4mrecompile[0m[0m
 [1m[92mREUSE[0m Used cache of [4mrecompile[0m in 0.00s
[1m*** Started working on [4msourcesWithNeoForge[0m[0m
 [1m[92mREUSE[0m Used cache of [4msourcesWithNeoForge[0m in 0.00s
[1m*** Started working on [4mcompiledWithNeoForge[0m[0m
 [1m[92mREUSE[0m Used cache of [4mcompiledWithNeoForge[0m in 0.00s
[1m*** Started working on [4msourcesAndCompiledWithNeoForge[0m[0m
 [1m[92mREUSE[0m Used cache of [4msourcesAndCompiledWithNeoForge[0m in 0.00s
Total runtime: 2.53s


> Task :WorldWeaver:wover-block-api:createMinecraftArtifacts
Loaded 141 artifacts from C:\Users\Redmi\Desktop\BetterMods\WorldWeaver-1.21.11\wover-block-api\build\tmp\createMinecraftArtifacts\nfrt_artifact_manifest.properties
[1m*** Started working on [4mdownloadJson[0m[0m
 [1m[92mDONE [0m Completed [4mdownloadJson[0m in 0.04s
[1m*** Started working on [4mdownloadServer[0m[0m
[1m*** Started working on [4mdownloadClient[0m[0m
[1m*** Started working on [4mdownloadClientMappings[0m[0m
 [1m[92mDONE [0m Completed [4mdownloadClientMappings[0m in 0.05s
 [1m[92mDONE [0m Completed [4mdownloadClient[0m in 0.05s
 [1m[92mDONE [0m Completed [4mdownloadServer[0m in 0.05s
[1m*** Started working on [4mmergeMappings[0m[0m
 [1m[92mREUSE[0m Used cache of [4mmergeMappings[0m in 0.00s
[1m*** Started working on [4mextractServer[0m[0m
 [1m[92mREUSE[0m Used cache of [4mextractServer[0m in 0.00s
[1m*** Started working on [4mstripClient[0m[0m
[1m*** Started working on [4mstripServer[0m[0m
 [1m[92mREUSE[0m Used cache of [4mstripClient[0m in 0.00s
 [1m[92mREUSE[0m Used cache of [4mstripServer[0m in 0.00s
[1m*** Started working on [4mmerge[0m[0m
 [1m[92mREUSE[0m Used cache of [4mmerge[0m in 0.00s
[1m*** Started working on [4mrename[0m[0m
 [1m[92mREUSE[0m Used cache of [4mrename[0m in 0.00s
[1m*** Started working on [4mdecompile[0m[0m
 [1m[92mREUSE[0m Used cache of [4mdecompile[0m in 0.00s
[1m*** Started working on [4minject[0m[0m
 [1m[92mREUSE[0m Used cache of [4minject[0m in 0.00s
[1m*** Started working on [4mpatch[0m[0m
 [1m[92mREUSE[0m Used cache of [4mpatch[0m in 0.00s
[1m*** Started working on [4mapplyNeoforgePatches[0m[0m
 [1m[92mREUSE[0m Used cache of [4mapplyNeoforgePatches[0m in 0.00s
[1m*** Started working on [4mtransformSources[0m[0m
 [1m[92mREUSE[0m Used cache of [4mtransformSources[0m in 0.00s
[1m*** Started working on [4mrecompile[0m[0m
 [1m[92mREUSE[0m Used cache of [4mrecompile[0m in 0.00s
[1m*** Started working on [4msourcesWithNeoForge[0m[0m
 [1m[92mREUSE[0m Used cache of [4msourcesWithNeoForge[0m in 0.00s
[1m*** Started working on [4mcompiledWithNeoForge[0m[0m
 [1m[92mREUSE[0m Used cache of [4mcompiledWithNeoForge[0m in 0.00s
[1m*** Started working on [4msourcesAndCompiledWithNeoForge[0m[0m
 [1m[92mREUSE[0m Used cache of [4msourcesAndCompiledWithNeoForge[0m in 0.00s
Total runtime: 2.38s


> Task :WorldWeaver:wover-common-api:createMinecraftArtifacts
Loaded 141 artifacts from C:\Users\Redmi\Desktop\BetterMods\WorldWeaver-1.21.11\wover-common-api\build\tmp\createMinecraftArtifacts\nfrt_artifact_manifest.properties
[1m*** Started working on [4mdownloadJson[0m[0m
 [1m[92mDONE [0m Completed [4mdownloadJson[0m in 0.04s
[1m*** Started working on [4mdownloadClient[0m[0m
[1m*** Started working on [4mdownloadClientMappings[0m[0m
[1m*** Started working on [4mdownloadServer[0m[0m
 [1m[92mDONE [0m Completed [4mdownloadServer[0m in 0.05s
 [1m[92mDONE [0m Completed [4mdownloadClient[0m in 0.05s
 [1m[92mDONE [0m Completed [4mdownloadClientMappings[0m in 0.05s
[1m*** Started working on [4mmergeMappings[0m[0m
 [1m[92mREUSE[0m Used cache of [4mmergeMappings[0m in 0.00s
[1m*** Started working on [4mextractServer[0m[0m
 [1m[92mREUSE[0m Used cache of [4mextractServer[0m in 0.00s
[1m*** Started working on [4mstripClient[0m[0m
[1m*** Started working on [4mstripServer[0m[0m
 [1m[92mREUSE[0m Used cache of [4mstripClient[0m in 0.00s
 [1m[92mREUSE[0m Used cache of [4mstripServer[0m in 0.00s
[1m*** Started working on [4mmerge[0m[0m
 [1m[92mREUSE[0m Used cache of [4mmerge[0m in 0.00s
[1m*** Started working on [4mrename[0m[0m
 [1m[92mREUSE[0m Used cache of [4mrename[0m in 0.00s
[1m*** Started working on [4mdecompile[0m[0m
 [1m[92mREUSE[0m Used cache of [4mdecompile[0m in 0.00s
[1m*** Started working on [4minject[0m[0m
 [1m[92mREUSE[0m Used cache of [4minject[0m in 0.00s
[1m*** Started working on [4mpatch[0m[0m
 [1m[92mREUSE[0m Used cache of [4mpatch[0m in 0.00s
[1m*** Started working on [4mapplyNeoforgePatches[0m[0m
 [1m[92mREUSE[0m Used cache of [4mapplyNeoforgePatches[0m in 0.00s
[1m*** Started working on [4mtransformSources[0m[0m
 [1m[92mREUSE[0m Used cache of [4mtransformSources[0m in 0.00s
[1m*** Started working on [4mrecompile[0m[0m
 [1m[92mREUSE[0m Used cache of [4mrecompile[0m in 0.00s
[1m*** Started working on [4msourcesWithNeoForge[0m[0m
 [1m[92mREUSE[0m Used cache of [4msourcesWithNeoForge[0m in 0.00s
[1m*** Started working on [4mcompiledWithNeoForge[0m[0m
 [1m[92mREUSE[0m Used cache of [4mcompiledWithNeoForge[0m in 0.00s
[1m*** Started working on [4msourcesAndCompiledWithNeoForge[0m[0m
 [1m[92mREUSE[0m Used cache of [4msourcesAndCompiledWithNeoForge[0m in 0.00s
Total runtime: 2.53s


> Task :WorldWeaver:wover-common-api:compileJava UP-TO-DATE

> Task :WorldWeaver:wover-core-api:createMinecraftArtifacts
Loaded 141 artifacts from C:\Users\Redmi\Desktop\BetterMods\WorldWeaver-1.21.11\wover-core-api\build\tmp\createMinecraftArtifacts\nfrt_artifact_manifest.properties
[1m*** Started working on [4mdownloadJson[0m[0m
 [1m[92mDONE [0m Completed [4mdownloadJson[0m in 0.04s
[1m*** Started working on [4mdownloadServer[0m[0m
[1m*** Started working on [4mdownloadClient[0m[0m
[1m*** Started working on [4mdownloadClientMappings[0m[0m
 [1m[92mDONE [0m Completed [4mdownloadClient[0m in 0.05s
 [1m[92mDONE [0m Completed [4mdownloadServer[0m in 0.05s
 [1m[92mDONE [0m Completed [4mdownloadClientMappings[0m in 0.05s
[1m*** Started working on [4mmergeMappings[0m[0m
 [1m[92mREUSE[0m Used cache of [4mmergeMappings[0m in 0.00s
[1m*** Started working on [4mextractServer[0m[0m
 [1m[92mREUSE[0m Used cache of [4mextractServer[0m in 0.00s
[1m*** Started working on [4mstripServer[0m[0m
[1m*** Started working on [4mstripClient[0m[0m
 [1m[92mREUSE[0m Used cache of [4mstripServer[0m in 0.00s
 [1m[92mREUSE[0m Used cache of [4mstripClient[0m in 0.00s
[1m*** Started working on [4mmerge[0m[0m
 [1m[92mREUSE[0m Used cache of [4mmerge[0m in 0.00s
[1m*** Started working on [4mrename[0m[0m
 [1m[92mREUSE[0m Used cache of [4mrename[0m in 0.00s
[1m*** Started working on [4mdecompile[0m[0m
 [1m[92mREUSE[0m Used cache of [4mdecompile[0m in 0.00s
[1m*** Started working on [4minject[0m[0m
 [1m[92mREUSE[0m Used cache of [4minject[0m in 0.00s
[1m*** Started working on [4mpatch[0m[0m
 [1m[92mREUSE[0m Used cache of [4mpatch[0m in 0.00s
[1m*** Started working on [4mapplyNeoforgePatches[0m[0m
 [1m[92mREUSE[0m Used cache of [4mapplyNeoforgePatches[0m in 0.00s
[1m*** Started working on [4mtransformSources[0m[0m
 [1m[92mREUSE[0m Used cache of [4mtransformSources[0m in 0.00s
[1m*** Started working on [4mrecompile[0m[0m
 [1m[92mREUSE[0m Used cache of [4mrecompile[0m in 0.00s
[1m*** Started working on [4msourcesWithNeoForge[0m[0m
 [1m[92mREUSE[0m Used cache of [4msourcesWithNeoForge[0m in 0.00s
[1m*** Started working on [4mcompiledWithNeoForge[0m[0m
 [1m[92mREUSE[0m Used cache of [4mcompiledWithNeoForge[0m in 0.00s
[1m*** Started working on [4msourcesAndCompiledWithNeoForge[0m[0m
 [1m[92mREUSE[0m Used cache of [4msourcesAndCompiledWithNeoForge[0m in 0.00s
Total runtime: 2.37s


> Task :WorldWeaver:wover-core-api:compileJava UP-TO-DATE

> Task :WorldWeaver:wover-datagen-api:createMinecraftArtifacts
Loaded 141 artifacts from C:\Users\Redmi\Desktop\BetterMods\WorldWeaver-1.21.11\wover-datagen-api\build\tmp\createMinecraftArtifacts\nfrt_artifact_manifest.properties
[1m*** Started working on [4mdownloadJson[0m[0m
 [1m[92mDONE [0m Completed [4mdownloadJson[0m in 0.04s
[1m*** Started working on [4mdownloadClientMappings[0m[0m
[1m*** Started working on [4mdownloadServer[0m[0m
[1m*** Started working on [4mdownloadClient[0m[0m
 [1m[92mDONE [0m Completed [4mdownloadClientMappings[0m in 0.05s
 [1m[92mDONE [0m Completed [4mdownloadClient[0m in 0.05s
 [1m[92mDONE [0m Completed [4mdownloadServer[0m in 0.05s
[1m*** Started working on [4mmergeMappings[0m[0m
 [1m[92mREUSE[0m Used cache of [4mmergeMappings[0m in 0.00s
[1m*** Started working on [4mextractServer[0m[0m
 [1m[92mREUSE[0m Used cache of [4mextractServer[0m in 0.00s
[1m*** Started working on [4mstripServer[0m[0m
[1m*** Started working on [4mstripClient[0m[0m
 [1m[92mREUSE[0m Used cache of [4mstripServer[0m in 0.00s
 [1m[92mREUSE[0m Used cache of [4mstripClient[0m in 0.00s
[1m*** Started working on [4mmerge[0m[0m
 [1m[92mREUSE[0m Used cache of [4mmerge[0m in 0.00s
[1m*** Started working on [4mrename[0m[0m
 [1m[92mREUSE[0m Used cache of [4mrename[0m in 0.00s
[1m*** Started working on [4mdecompile[0m[0m
 [1m[92mREUSE[0m Used cache of [4mdecompile[0m in 0.00s
[1m*** Started working on [4minject[0m[0m
 [1m[92mREUSE[0m Used cache of [4minject[0m in 0.00s
[1m*** Started working on [4mpatch[0m[0m
 [1m[92mREUSE[0m Used cache of [4mpatch[0m in 0.00s
[1m*** Started working on [4mapplyNeoforgePatches[0m[0m
 [1m[92mREUSE[0m Used cache of [4mapplyNeoforgePatches[0m in 0.00s
[1m*** Started working on [4mtransformSources[0m[0m
 [1m[92mREUSE[0m Used cache of [4mtransformSources[0m in 0.00s
[1m*** Started working on [4mrecompile[0m[0m
 [1m[92mREUSE[0m Used cache of [4mrecompile[0m in 0.00s
[1m*** Started working on [4msourcesWithNeoForge[0m[0m
 [1m[92mREUSE[0m Used cache of [4msourcesWithNeoForge[0m in 0.00s
[1m*** Started working on [4mcompiledWithNeoForge[0m[0m
 [1m[92mREUSE[0m Used cache of [4mcompiledWithNeoForge[0m in 0.00s
[1m*** Started working on [4msourcesAndCompiledWithNeoForge[0m[0m
 [1m[92mREUSE[0m Used cache of [4msourcesAndCompiledWithNeoForge[0m in 0.00s
Total runtime: 2.51s


> Task :WorldWeaver:wover-datagen-api:compileJava UP-TO-DATE

> Task :WorldWeaver:wover-event-api:createMinecraftArtifacts
Loaded 141 artifacts from C:\Users\Redmi\Desktop\BetterMods\WorldWeaver-1.21.11\wover-event-api\build\tmp\createMinecraftArtifacts\nfrt_artifact_manifest.properties
[1m*** Started working on [4mdownloadJson[0m[0m
 [1m[92mDONE [0m Completed [4mdownloadJson[0m in 0.03s
[1m*** Started working on [4mdownloadClient[0m[0m
[1m*** Started working on [4mdownloadServer[0m[0m
[1m*** Started working on [4mdownloadClientMappings[0m[0m
 [1m[92mDONE [0m Completed [4mdownloadServer[0m in 0.05s
 [1m[92mDONE [0m Completed [4mdownloadClient[0m in 0.05s
 [1m[92mDONE [0m Completed [4mdownloadClientMappings[0m in 0.04s
[1m*** Started working on [4mmergeMappings[0m[0m
 [1m[92mREUSE[0m Used cache of [4mmergeMappings[0m in 0.00s
[1m*** Started working on [4mextractServer[0m[0m
 [1m[92mREUSE[0m Used cache of [4mextractServer[0m in 0.00s
[1m*** Started working on [4mstripServer[0m[0m
[1m*** Started working on [4mstripClient[0m[0m
 [1m[92mREUSE[0m Used cache of [4mstripClient[0m in 0.00s
 [1m[92mREUSE[0m Used cache of [4mstripServer[0m in 0.00s
[1m*** Started working on [4mmerge[0m[0m
 [1m[92mREUSE[0m Used cache of [4mmerge[0m in 0.00s
[1m*** Started working on [4mrename[0m[0m
 [1m[92mREUSE[0m Used cache of [4mrename[0m in 0.00s
[1m*** Started working on [4mdecompile[0m[0m
 [1m[92mREUSE[0m Used cache of [4mdecompile[0m in 0.00s
[1m*** Started working on [4minject[0m[0m
 [1m[92mREUSE[0m Used cache of [4minject[0m in 0.00s
[1m*** Started working on [4mpatch[0m[0m
 [1m[92mREUSE[0m Used cache of [4mpatch[0m in 0.00s
[1m*** Started working on [4mapplyNeoforgePatches[0m[0m
 [1m[92mREUSE[0m Used cache of [4mapplyNeoforgePatches[0m in 0.00s
[1m*** Started working on [4mtransformSources[0m[0m
 [1m[92mREUSE[0m Used cache of [4mtransformSources[0m in 0.00s
[1m*** Started working on [4mrecompile[0m[0m
 [1m[92mREUSE[0m Used cache of [4mrecompile[0m in 0.00s
[1m*** Started working on [4msourcesWithNeoForge[0m[0m
 [1m[92mREUSE[0m Used cache of [4msourcesWithNeoForge[0m in 0.00s
[1m*** Started working on [4mcompiledWithNeoForge[0m[0m
 [1m[92mREUSE[0m Used cache of [4mcompiledWithNeoForge[0m in 0.00s
[1m*** Started working on [4msourcesAndCompiledWithNeoForge[0m[0m
 [1m[92mREUSE[0m Used cache of [4msourcesAndCompiledWithNeoForge[0m in 0.00s
Total runtime: 2.37s


> Task :WorldWeaver:wover-event-api:compileJava UP-TO-DATE

> Task :WorldWeaver:wover-item-api:createMinecraftArtifacts
Loaded 141 artifacts from C:\Users\Redmi\Desktop\BetterMods\WorldWeaver-1.21.11\wover-item-api\build\tmp\createMinecraftArtifacts\nfrt_artifact_manifest.properties
[1m*** Started working on [4mdownloadJson[0m[0m
 [1m[92mDONE [0m Completed [4mdownloadJson[0m in 0.04s
[1m*** Started working on [4mdownloadClientMappings[0m[0m
[1m*** Started working on [4mdownloadServer[0m[0m
[1m*** Started working on [4mdownloadClient[0m[0m
 [1m[92mDONE [0m Completed [4mdownloadClient[0m in 0.05s
 [1m[92mDONE [0m Completed [4mdownloadServer[0m in 0.05s
 [1m[92mDONE [0m Completed [4mdownloadClientMappings[0m in 0.05s
[1m*** Started working on [4mmergeMappings[0m[0m
 [1m[92mREUSE[0m Used cache of [4mmergeMappings[0m in 0.00s
[1m*** Started working on [4mextractServer[0m[0m
 [1m[92mREUSE[0m Used cache of [4mextractServer[0m in 0.00s
[1m*** Started working on [4mstripClient[0m[0m
[1m*** Started working on [4mstripServer[0m[0m
 [1m[92mREUSE[0m Used cache of [4mstripServer[0m in 0.00s
 [1m[92mREUSE[0m Used cache of [4mstripClient[0m in 0.00s
[1m*** Started working on [4mmerge[0m[0m
 [1m[92mREUSE[0m Used cache of [4mmerge[0m in 0.00s
[1m*** Started working on [4mrename[0m[0m
 [1m[92mREUSE[0m Used cache of [4mrename[0m in 0.00s
[1m*** Started working on [4mdecompile[0m[0m
 [1m[92mREUSE[0m Used cache of [4mdecompile[0m in 0.00s
[1m*** Started working on [4minject[0m[0m
 [1m[92mREUSE[0m Used cache of [4minject[0m in 0.00s
[1m*** Started working on [4mpatch[0m[0m
 [1m[92mREUSE[0m Used cache of [4mpatch[0m in 0.00s
[1m*** Started working on [4mapplyNeoforgePatches[0m[0m
 [1m[92mREUSE[0m Used cache of [4mapplyNeoforgePatches[0m in 0.00s
[1m*** Started working on [4mtransformSources[0m[0m
 [1m[92mREUSE[0m Used cache of [4mtransformSources[0m in 0.00s
[1m*** Started working on [4mrecompile[0m[0m
 [1m[92mREUSE[0m Used cache of [4mrecompile[0m in 0.00s
[1m*** Started working on [4msourcesWithNeoForge[0m[0m
 [1m[92mREUSE[0m Used cache of [4msourcesWithNeoForge[0m in 0.00s
[1m*** Started working on [4mcompiledWithNeoForge[0m[0m
 [1m[92mREUSE[0m Used cache of [4mcompiledWithNeoForge[0m in 0.00s
[1m*** Started working on [4msourcesAndCompiledWithNeoForge[0m[0m
 [1m[92mREUSE[0m Used cache of [4msourcesAndCompiledWithNeoForge[0m in 0.00s
Total runtime: 2.51s


> Task :WorldWeaver:wover-tag-api:createMinecraftArtifacts
Loaded 141 artifacts from C:\Users\Redmi\Desktop\BetterMods\WorldWeaver-1.21.11\wover-tag-api\build\tmp\createMinecraftArtifacts\nfrt_artifact_manifest.properties
[1m*** Started working on [4mdownloadJson[0m[0m
 [1m[92mDONE [0m Completed [4mdownloadJson[0m in 0.03s
[1m*** Started working on [4mdownloadClientMappings[0m[0m
[1m*** Started working on [4mdownloadClient[0m[0m
[1m*** Started working on [4mdownloadServer[0m[0m
 [1m[92mDONE [0m Completed [4mdownloadClient[0m in 0.04s
 [1m[92mDONE [0m Completed [4mdownloadServer[0m in 0.04s
 [1m[92mDONE [0m Completed [4mdownloadClientMappings[0m in 0.04s
[1m*** Started working on [4mmergeMappings[0m[0m
 [1m[92mREUSE[0m Used cache of [4mmergeMappings[0m in 0.00s
[1m*** Started working on [4mextractServer[0m[0m
 [1m[92mREUSE[0m Used cache of [4mextractServer[0m in 0.00s
[1m*** Started working on [4mstripClient[0m[0m
[1m*** Started working on [4mstripServer[0m[0m
 [1m[92mREUSE[0m Used cache of [4mstripClient[0m in 0.00s
 [1m[92mREUSE[0m Used cache of [4mstripServer[0m in 0.00s
[1m*** Started working on [4mmerge[0m[0m
 [1m[92mREUSE[0m Used cache of [4mmerge[0m in 0.00s
[1m*** Started working on [4mrename[0m[0m
 [1m[92mREUSE[0m Used cache of [4mrename[0m in 0.00s
[1m*** Started working on [4mdecompile[0m[0m
 [1m[92mREUSE[0m Used cache of [4mdecompile[0m in 0.00s
[1m*** Started working on [4minject[0m[0m
 [1m[92mREUSE[0m Used cache of [4minject[0m in 0.00s
[1m*** Started working on [4mpatch[0m[0m
 [1m[92mREUSE[0m Used cache of [4mpatch[0m in 0.00s
[1m*** Started working on [4mapplyNeoforgePatches[0m[0m
 [1m[92mREUSE[0m Used cache of [4mapplyNeoforgePatches[0m in 0.00s
[1m*** Started working on [4mtransformSources[0m[0m
 [1m[92mREUSE[0m Used cache of [4mtransformSources[0m in 0.00s
[1m*** Started working on [4mrecompile[0m[0m
 [1m[92mREUSE[0m Used cache of [4mrecompile[0m in 0.00s
[1m*** Started working on [4msourcesWithNeoForge[0m[0m
 [1m[92mREUSE[0m Used cache of [4msourcesWithNeoForge[0m in 0.00s
[1m*** Started working on [4mcompiledWithNeoForge[0m[0m
 [1m[92mREUSE[0m Used cache of [4mcompiledWithNeoForge[0m in 0.00s
[1m*** Started working on [4msourcesAndCompiledWithNeoForge[0m[0m
 [1m[92mREUSE[0m Used cache of [4msourcesAndCompiledWithNeoForge[0m in 0.00s
Total runtime: 2.36s


> Task :WorldWeaver:wover-tag-api:compileJava UP-TO-DATE
> Task :WorldWeaver:wover-item-api:compileJava UP-TO-DATE
> Task :WorldWeaver:wover-block-api:compileJava UP-TO-DATE

> Task :WorldWeaver:wover-feature-api:createMinecraftArtifacts
Loaded 141 artifacts from C:\Users\Redmi\Desktop\BetterMods\WorldWeaver-1.21.11\wover-feature-api\build\tmp\createMinecraftArtifacts\nfrt_artifact_manifest.properties
[1m*** Started working on [4mdownloadJson[0m[0m
 [1m[92mDONE [0m Completed [4mdownloadJson[0m in 0.04s
[1m*** Started working on [4mdownloadServer[0m[0m
[1m*** Started working on [4mdownloadClient[0m[0m
[1m*** Started working on [4mdownloadClientMappings[0m[0m
 [1m[92mDONE [0m Completed [4mdownloadServer[0m in 0.04s
 [1m[92mDONE [0m Completed [4mdownloadClient[0m in 0.04s
 [1m[92mDONE [0m Completed [4mdownloadClientMappings[0m in 0.04s
[1m*** Started working on [4mmergeMappings[0m[0m
 [1m[92mREUSE[0m Used cache of [4mmergeMappings[0m in 0.00s
[1m*** Started working on [4mextractServer[0m[0m
 [1m[92mREUSE[0m Used cache of [4mextractServer[0m in 0.00s
[1m*** Started working on [4mstripServer[0m[0m
[1m*** Started working on [4mstripClient[0m[0m
 [1m[92mREUSE[0m Used cache of [4mstripServer[0m in 0.00s
 [1m[92mREUSE[0m Used cache of [4mstripClient[0m in 0.00s
[1m*** Started working on [4mmerge[0m[0m
 [1m[92mREUSE[0m Used cache of [4mmerge[0m in 0.00s
[1m*** Started working on [4mrename[0m[0m
 [1m[92mREUSE[0m Used cache of [4mrename[0m in 0.00s
[1m*** Started working on [4mdecompile[0m[0m
 [1m[92mREUSE[0m Used cache of [4mdecompile[0m in 0.00s
[1m*** Started working on [4minject[0m[0m
 [1m[92mREUSE[0m Used cache of [4minject[0m in 0.00s
[1m*** Started working on [4mpatch[0m[0m
 [1m[92mREUSE[0m Used cache of [4mpatch[0m in 0.00s
[1m*** Started working on [4mapplyNeoforgePatches[0m[0m
 [1m[92mREUSE[0m Used cache of [4mapplyNeoforgePatches[0m in 0.00s
[1m*** Started working on [4mtransformSources[0m[0m
 [1m[92mREUSE[0m Used cache of [4mtransformSources[0m in 0.00s
[1m*** Started working on [4mrecompile[0m[0m
 [1m[92mREUSE[0m Used cache of [4mrecompile[0m in 0.00s
[1m*** Started working on [4msourcesWithNeoForge[0m[0m
 [1m[92mREUSE[0m Used cache of [4msourcesWithNeoForge[0m in 0.00s
[1m*** Started working on [4mcompiledWithNeoForge[0m[0m
 [1m[92mREUSE[0m Used cache of [4mcompiledWithNeoForge[0m in 0.00s
[1m*** Started working on [4msourcesAndCompiledWithNeoForge[0m[0m
 [1m[92mREUSE[0m Used cache of [4msourcesAndCompiledWithNeoForge[0m in 0.00s
Total runtime: 2.49s


> Task :WorldWeaver:wover-math-api:createMinecraftArtifacts
Loaded 141 artifacts from C:\Users\Redmi\Desktop\BetterMods\WorldWeaver-1.21.11\wover-math-api\build\tmp\createMinecraftArtifacts\nfrt_artifact_manifest.properties
[1m*** Started working on [4mdownloadJson[0m[0m
 [1m[92mDONE [0m Completed [4mdownloadJson[0m in 0.04s
[1m*** Started working on [4mdownloadClient[0m[0m
[1m*** Started working on [4mdownloadClientMappings[0m[0m
[1m*** Started working on [4mdownloadServer[0m[0m
 [1m[92mDONE [0m Completed [4mdownloadServer[0m in 0.04s
 [1m[92mDONE [0m Completed [4mdownloadClient[0m in 0.04s
 [1m[92mDONE [0m Completed [4mdownloadClientMappings[0m in 0.04s
[1m*** Started working on [4mmergeMappings[0m[0m
 [1m[92mREUSE[0m Used cache of [4mmergeMappings[0m in 0.00s
[1m*** Started working on [4mextractServer[0m[0m
 [1m[92mREUSE[0m Used cache of [4mextractServer[0m in 0.00s
[1m*** Started working on [4mstripServer[0m[0m
[1m*** Started working on [4mstripClient[0m[0m
 [1m[92mREUSE[0m Used cache of [4mstripClient[0m in 0.00s
 [1m[92mREUSE[0m Used cache of [4mstripServer[0m in 0.00s
[1m*** Started working on [4mmerge[0m[0m
 [1m[92mREUSE[0m Used cache of [4mmerge[0m in 0.00s
[1m*** Started working on [4mrename[0m[0m
 [1m[92mREUSE[0m Used cache of [4mrename[0m in 0.00s
[1m*** Started working on [4mdecompile[0m[0m
 [1m[92mREUSE[0m Used cache of [4mdecompile[0m in 0.00s
[1m*** Started working on [4minject[0m[0m
 [1m[92mREUSE[0m Used cache of [4minject[0m in 0.00s
[1m*** Started working on [4mpatch[0m[0m
 [1m[92mREUSE[0m Used cache of [4mpatch[0m in 0.00s
[1m*** Started working on [4mapplyNeoforgePatches[0m[0m
 [1m[92mREUSE[0m Used cache of [4mapplyNeoforgePatches[0m in 0.00s
[1m*** Started working on [4mtransformSources[0m[0m
 [1m[92mREUSE[0m Used cache of [4mtransformSources[0m in 0.00s
[1m*** Started working on [4mrecompile[0m[0m
 [1m[92mREUSE[0m Used cache of [4mrecompile[0m in 0.00s
[1m*** Started working on [4msourcesWithNeoForge[0m[0m
 [1m[92mREUSE[0m Used cache of [4msourcesWithNeoForge[0m in 0.00s
[1m*** Started working on [4mcompiledWithNeoForge[0m[0m
 [1m[92mREUSE[0m Used cache of [4mcompiledWithNeoForge[0m in 0.00s
[1m*** Started working on [4msourcesAndCompiledWithNeoForge[0m[0m
 [1m[92mREUSE[0m Used cache of [4msourcesAndCompiledWithNeoForge[0m in 0.00s
Total runtime: 2.33s


> Task :WorldWeaver:wover-math-api:compileJava UP-TO-DATE

> Task :WorldWeaver:wover-structure-api:createMinecraftArtifacts
Loaded 141 artifacts from C:\Users\Redmi\Desktop\BetterMods\WorldWeaver-1.21.11\wover-structure-api\build\tmp\createMinecraftArtifacts\nfrt_artifact_manifest.properties
[1m*** Started working on [4mdownloadJson[0m[0m
 [1m[92mDONE [0m Completed [4mdownloadJson[0m in 0.04s
[1m*** Started working on [4mdownloadServer[0m[0m
[1m*** Started working on [4mdownloadClient[0m[0m
[1m*** Started working on [4mdownloadClientMappings[0m[0m
 [1m[92mDONE [0m Completed [4mdownloadClient[0m in 0.05s
 [1m[92mDONE [0m Completed [4mdownloadClientMappings[0m in 0.05s
 [1m[92mDONE [0m Completed [4mdownloadServer[0m in 0.05s
[1m*** Started working on [4mmergeMappings[0m[0m
 [1m[92mREUSE[0m Used cache of [4mmergeMappings[0m in 0.00s
[1m*** Started working on [4mextractServer[0m[0m
 [1m[92mREUSE[0m Used cache of [4mextractServer[0m in 0.00s
[1m*** Started working on [4mstripClient[0m[0m
[1m*** Started working on [4mstripServer[0m[0m
 [1m[92mREUSE[0m Used cache of [4mstripClient[0m in 0.00s
 [1m[92mREUSE[0m Used cache of [4mstripServer[0m in 0.00s
[1m*** Started working on [4mmerge[0m[0m
 [1m[92mREUSE[0m Used cache of [4mmerge[0m in 0.00s
[1m*** Started working on [4mrename[0m[0m
 [1m[92mREUSE[0m Used cache of [4mrename[0m in 0.00s
[1m*** Started working on [4mdecompile[0m[0m
 [1m[92mREUSE[0m Used cache of [4mdecompile[0m in 0.00s
[1m*** Started working on [4minject[0m[0m
 [1m[92mREUSE[0m Used cache of [4minject[0m in 0.00s
[1m*** Started working on [4mpatch[0m[0m
 [1m[92mREUSE[0m Used cache of [4mpatch[0m in 0.00s
[1m*** Started working on [4mapplyNeoforgePatches[0m[0m
 [1m[92mREUSE[0m Used cache of [4mapplyNeoforgePatches[0m in 0.00s
[1m*** Started working on [4mtransformSources[0m[0m
 [1m[92mREUSE[0m Used cache of [4mtransformSources[0m in 0.00s
[1m*** Started working on [4mrecompile[0m[0m
 [1m[92mREUSE[0m Used cache of [4mrecompile[0m in 0.00s
[1m*** Started working on [4msourcesWithNeoForge[0m[0m
 [1m[92mREUSE[0m Used cache of [4msourcesWithNeoForge[0m in 0.00s
[1m*** Started working on [4mcompiledWithNeoForge[0m[0m
 [1m[92mREUSE[0m Used cache of [4mcompiledWithNeoForge[0m in 0.00s
[1m*** Started working on [4msourcesAndCompiledWithNeoForge[0m[0m
 [1m[92mREUSE[0m Used cache of [4msourcesAndCompiledWithNeoForge[0m in 0.00s
Total runtime: 2.50s


> Task :WorldWeaver:wover-structure-api:compileJava UP-TO-DATE

> Task :WorldWeaver:wover-surface-api:createMinecraftArtifacts
Loaded 141 artifacts from C:\Users\Redmi\Desktop\BetterMods\WorldWeaver-1.21.11\wover-surface-api\build\tmp\createMinecraftArtifacts\nfrt_artifact_manifest.properties
[1m*** Started working on [4mdownloadJson[0m[0m
 [1m[92mDONE [0m Completed [4mdownloadJson[0m in 0.04s
[1m*** Started working on [4mdownloadServer[0m[0m
[1m*** Started working on [4mdownloadClientMappings[0m[0m
[1m*** Started working on [4mdownloadClient[0m[0m
 [1m[92mDONE [0m Completed [4mdownloadServer[0m in 0.06s
 [1m[92mDONE [0m Completed [4mdownloadClientMappings[0m in 0.06s
 [1m[92mDONE [0m Completed [4mdownloadClient[0m in 0.06s
[1m*** Started working on [4mmergeMappings[0m[0m
 [1m[92mREUSE[0m Used cache of [4mmergeMappings[0m in 0.00s
[1m*** Started working on [4mextractServer[0m[0m
 [1m[92mREUSE[0m Used cache of [4mextractServer[0m in 0.00s
[1m*** Started working on [4mstripClient[0m[0m
[1m*** Started working on [4mstripServer[0m[0m
 [1m[92mREUSE[0m Used cache of [4mstripClient[0m in 0.00s
 [1m[92mREUSE[0m Used cache of [4mstripServer[0m in 0.00s
[1m*** Started working on [4mmerge[0m[0m
 [1m[92mREUSE[0m Used cache of [4mmerge[0m in 0.00s
[1m*** Started working on [4mrename[0m[0m
 [1m[92mREUSE[0m Used cache of [4mrename[0m in 0.00s
[1m*** Started working on [4mdecompile[0m[0m
 [1m[92mREUSE[0m Used cache of [4mdecompile[0m in 0.00s
[1m*** Started working on [4minject[0m[0m
 [1m[92mREUSE[0m Used cache of [4minject[0m in 0.00s
[1m*** Started working on [4mpatch[0m[0m
 [1m[92mREUSE[0m Used cache of [4mpatch[0m in 0.00s
[1m*** Started working on [4mapplyNeoforgePatches[0m[0m
 [1m[92mREUSE[0m Used cache of [4mapplyNeoforgePatches[0m in 0.00s
[1m*** Started working on [4mtransformSources[0m[0m
 [1m[92mREUSE[0m Used cache of [4mtransformSources[0m in 0.00s
[1m*** Started working on [4mrecompile[0m[0m
 [1m[92mREUSE[0m Used cache of [4mrecompile[0m in 0.00s
[1m*** Started working on [4msourcesWithNeoForge[0m[0m
 [1m[92mREUSE[0m Used cache of [4msourcesWithNeoForge[0m in 0.00s
[1m*** Started working on [4mcompiledWithNeoForge[0m[0m
 [1m[92mREUSE[0m Used cache of [4mcompiledWithNeoForge[0m in 0.00s
[1m*** Started working on [4msourcesAndCompiledWithNeoForge[0m[0m
 [1m[92mREUSE[0m Used cache of [4msourcesAndCompiledWithNeoForge[0m in 0.00s
Total runtime: 2.40s


> Task :WorldWeaver:wover-surface-api:compileJava UP-TO-DATE
> Task :WorldWeaver:wover-feature-api:compileJava UP-TO-DATE
> Task :WorldWeaver:wover-biome-api:compileJava UP-TO-DATE

> Task :WorldWeaver:wover-generator-api:createMinecraftArtifacts
Loaded 141 artifacts from C:\Users\Redmi\Desktop\BetterMods\WorldWeaver-1.21.11\wover-generator-api\build\tmp\createMinecraftArtifacts\nfrt_artifact_manifest.properties
[1m*** Started working on [4mdownloadJson[0m[0m
 [1m[92mDONE [0m Completed [4mdownloadJson[0m in 0.04s
[1m*** Started working on [4mdownloadServer[0m[0m
[1m*** Started working on [4mdownloadClientMappings[0m[0m
[1m*** Started working on [4mdownloadClient[0m[0m
 [1m[92mDONE [0m Completed [4mdownloadClient[0m in 0.05s
 [1m[92mDONE [0m Completed [4mdownloadClientMappings[0m in 0.05s
 [1m[92mDONE [0m Completed [4mdownloadServer[0m in 0.05s
[1m*** Started working on [4mmergeMappings[0m[0m
 [1m[92mREUSE[0m Used cache of [4mmergeMappings[0m in 0.00s
[1m*** Started working on [4mextractServer[0m[0m
 [1m[92mREUSE[0m Used cache of [4mextractServer[0m in 0.00s
[1m*** Started working on [4mstripClient[0m[0m
[1m*** Started working on [4mstripServer[0m[0m
 [1m[92mREUSE[0m Used cache of [4mstripClient[0m in 0.00s
 [1m[92mREUSE[0m Used cache of [4mstripServer[0m in 0.00s
[1m*** Started working on [4mmerge[0m[0m
 [1m[92mREUSE[0m Used cache of [4mmerge[0m in 0.00s
[1m*** Started working on [4mrename[0m[0m
 [1m[92mREUSE[0m Used cache of [4mrename[0m in 0.00s
[1m*** Started working on [4mdecompile[0m[0m
 [1m[92mREUSE[0m Used cache of [4mdecompile[0m in 0.00s
[1m*** Started working on [4minject[0m[0m
 [1m[92mREUSE[0m Used cache of [4minject[0m in 0.00s
[1m*** Started working on [4mpatch[0m[0m
 [1m[92mREUSE[0m Used cache of [4mpatch[0m in 0.00s
[1m*** Started working on [4mapplyNeoforgePatches[0m[0m
 [1m[92mREUSE[0m Used cache of [4mapplyNeoforgePatches[0m in 0.00s
[1m*** Started working on [4mtransformSources[0m[0m
 [1m[92mREUSE[0m Used cache of [4mtransformSources[0m in 0.00s
[1m*** Started working on [4mrecompile[0m[0m
 [1m[92mREUSE[0m Used cache of [4mrecompile[0m in 0.00s
[1m*** Started working on [4msourcesWithNeoForge[0m[0m
 [1m[92mREUSE[0m Used cache of [4msourcesWithNeoForge[0m in 0.00s
[1m*** Started working on [4mcompiledWithNeoForge[0m[0m
 [1m[92mREUSE[0m Used cache of [4mcompiledWithNeoForge[0m in 0.00s
[1m*** Started working on [4msourcesAndCompiledWithNeoForge[0m[0m
 [1m[92mREUSE[0m Used cache of [4msourcesAndCompiledWithNeoForge[0m in 0.00s
Total runtime: 2.50s


> Task :WorldWeaver:wover-preset-api:createMinecraftArtifacts
Loaded 141 artifacts from C:\Users\Redmi\Desktop\BetterMods\WorldWeaver-1.21.11\wover-preset-api\build\tmp\createMinecraftArtifacts\nfrt_artifact_manifest.properties
[1m*** Started working on [4mdownloadJson[0m[0m
 [1m[92mDONE [0m Completed [4mdownloadJson[0m in 0.04s
[1m*** Started working on [4mdownloadServer[0m[0m
[1m*** Started working on [4mdownloadClientMappings[0m[0m
[1m*** Started working on [4mdownloadClient[0m[0m
 [1m[92mDONE [0m Completed [4mdownloadClient[0m in 0.05s
 [1m[92mDONE [0m Completed [4mdownloadServer[0m in 0.05s
 [1m[92mDONE [0m Completed [4mdownloadClientMappings[0m in 0.05s
[1m*** Started working on [4mmergeMappings[0m[0m
 [1m[92mREUSE[0m Used cache of [4mmergeMappings[0m in 0.00s
[1m*** Started working on [4mextractServer[0m[0m
 [1m[92mREUSE[0m Used cache of [4mextractServer[0m in 0.00s
[1m*** Started working on [4mstripClient[0m[0m
[1m*** Started working on [4mstripServer[0m[0m
 [1m[92mREUSE[0m Used cache of [4mstripClient[0m in 0.00s
 [1m[92mREUSE[0m Used cache of [4mstripServer[0m in 0.00s
[1m*** Started working on [4mmerge[0m[0m
 [1m[92mREUSE[0m Used cache of [4mmerge[0m in 0.00s
[1m*** Started working on [4mrename[0m[0m
 [1m[92mREUSE[0m Used cache of [4mrename[0m in 0.00s
[1m*** Started working on [4mdecompile[0m[0m
 [1m[92mREUSE[0m Used cache of [4mdecompile[0m in 0.00s
[1m*** Started working on [4minject[0m[0m
 [1m[92mREUSE[0m Used cache of [4minject[0m in 0.00s
[1m*** Started working on [4mpatch[0m[0m
 [1m[92mREUSE[0m Used cache of [4mpatch[0m in 0.00s
[1m*** Started working on [4mapplyNeoforgePatches[0m[0m
 [1m[92mREUSE[0m Used cache of [4mapplyNeoforgePatches[0m in 0.00s
[1m*** Started working on [4mtransformSources[0m[0m
 [1m[92mREUSE[0m Used cache of [4mtransformSources[0m in 0.00s
[1m*** Started working on [4mrecompile[0m[0m
 [1m[92mREUSE[0m Used cache of [4mrecompile[0m in 0.00s
[1m*** Started working on [4msourcesWithNeoForge[0m[0m
 [1m[92mREUSE[0m Used cache of [4msourcesWithNeoForge[0m in 0.00s
[1m*** Started working on [4mcompiledWithNeoForge[0m[0m
 [1m[92mREUSE[0m Used cache of [4mcompiledWithNeoForge[0m in 0.00s
[1m*** Started working on [4msourcesAndCompiledWithNeoForge[0m[0m
 [1m[92mREUSE[0m Used cache of [4msourcesAndCompiledWithNeoForge[0m in 0.00s
Total runtime: 2.33s


> Task :WorldWeaver:wover-preset-api:compileJava UP-TO-DATE

> Task :WorldWeaver:wover-ui-api:createMinecraftArtifacts
Loaded 141 artifacts from C:\Users\Redmi\Desktop\BetterMods\WorldWeaver-1.21.11\wover-ui-api\build\tmp\createMinecraftArtifacts\nfrt_artifact_manifest.properties
[1m*** Started working on [4mdownloadJson[0m[0m
 [1m[92mDONE [0m Completed [4mdownloadJson[0m in 0.04s
[1m*** Started working on [4mdownloadServer[0m[0m
[1m*** Started working on [4mdownloadClientMappings[0m[0m
[1m*** Started working on [4mdownloadClient[0m[0m
 [1m[92mDONE [0m Completed [4mdownloadServer[0m in 0.05s
 [1m[92mDONE [0m Completed [4mdownloadClientMappings[0m in 0.05s
 [1m[92mDONE [0m Completed [4mdownloadClient[0m in 0.05s
[1m*** Started working on [4mmergeMappings[0m[0m
 [1m[92mREUSE[0m Used cache of [4mmergeMappings[0m in 0.00s
[1m*** Started working on [4mextractServer[0m[0m
 [1m[92mREUSE[0m Used cache of [4mextractServer[0m in 0.00s
[1m*** Started working on [4mstripClient[0m[0m
[1m*** Started working on [4mstripServer[0m[0m
 [1m[92mREUSE[0m Used cache of [4mstripServer[0m in 0.00s
 [1m[92mREUSE[0m Used cache of [4mstripClient[0m in 0.00s
[1m*** Started working on [4mmerge[0m[0m
 [1m[92mREUSE[0m Used cache of [4mmerge[0m in 0.00s
[1m*** Started working on [4mrename[0m[0m
 [1m[92mREUSE[0m Used cache of [4mrename[0m in 0.00s
[1m*** Started working on [4mdecompile[0m[0m
 [1m[92mREUSE[0m Used cache of [4mdecompile[0m in 0.00s
[1m*** Started working on [4minject[0m[0m
 [1m[92mREUSE[0m Used cache of [4minject[0m in 0.00s
[1m*** Started working on [4mpatch[0m[0m
 [1m[92mREUSE[0m Used cache of [4mpatch[0m in 0.00s
[1m*** Started working on [4mapplyNeoforgePatches[0m[0m
 [1m[92mREUSE[0m Used cache of [4mapplyNeoforgePatches[0m in 0.00s
[1m*** Started working on [4mtransformSources[0m[0m
 [1m[92mREUSE[0m Used cache of [4mtransformSources[0m in 0.00s
[1m*** Started working on [4mrecompile[0m[0m
 [1m[92mREUSE[0m Used cache of [4mrecompile[0m in 0.00s
[1m*** Started working on [4msourcesWithNeoForge[0m[0m
 [1m[92mREUSE[0m Used cache of [4msourcesWithNeoForge[0m in 0.00s
[1m*** Started working on [4mcompiledWithNeoForge[0m[0m
 [1m[92mREUSE[0m Used cache of [4mcompiledWithNeoForge[0m in 0.00s
[1m*** Started working on [4msourcesAndCompiledWithNeoForge[0m[0m
 [1m[92mREUSE[0m Used cache of [4msourcesAndCompiledWithNeoForge[0m in 0.00s
Total runtime: 2.55s


> Task :WorldWeaver:wover-ui-api:compileJava UP-TO-DATE
> Task :WorldWeaver:wover-generator-api:compileJava UP-TO-DATE

> Task :WorldWeaver:wover-recipe-api:createMinecraftArtifacts
Loaded 141 artifacts from C:\Users\Redmi\Desktop\BetterMods\WorldWeaver-1.21.11\wover-recipe-api\build\tmp\createMinecraftArtifacts\nfrt_artifact_manifest.properties
[1m*** Started working on [4mdownloadJson[0m[0m
 [1m[92mDONE [0m Completed [4mdownloadJson[0m in 0.04s
[1m*** Started working on [4mdownloadClient[0m[0m
[1m*** Started working on [4mdownloadServer[0m[0m
[1m*** Started working on [4mdownloadClientMappings[0m[0m
 [1m[92mDONE [0m Completed [4mdownloadServer[0m in 0.05s
 [1m[92mDONE [0m Completed [4mdownloadClient[0m in 0.05s
 [1m[92mDONE [0m Completed [4mdownloadClientMappings[0m in 0.05s
[1m*** Started working on [4mmergeMappings[0m[0m
 [1m[92mREUSE[0m Used cache of [4mmergeMappings[0m in 0.00s
[1m*** Started working on [4mextractServer[0m[0m
 [1m[92mREUSE[0m Used cache of [4mextractServer[0m in 0.00s
[1m*** Started working on [4mstripServer[0m[0m
[1m*** Started working on [4mstripClient[0m[0m
 [1m[92mREUSE[0m Used cache of [4mstripServer[0m in 0.00s
 [1m[92mREUSE[0m Used cache of [4mstripClient[0m in 0.00s
[1m*** Started working on [4mmerge[0m[0m
 [1m[92mREUSE[0m Used cache of [4mmerge[0m in 0.00s
[1m*** Started working on [4mrename[0m[0m
 [1m[92mREUSE[0m Used cache of [4mrename[0m in 0.00s
[1m*** Started working on [4mdecompile[0m[0m
 [1m[92mREUSE[0m Used cache of [4mdecompile[0m in 0.00s
[1m*** Started working on [4minject[0m[0m
 [1m[92mREUSE[0m Used cache of [4minject[0m in 0.00s
[1m*** Started working on [4mpatch[0m[0m
 [1m[92mREUSE[0m Used cache of [4mpatch[0m in 0.00s
[1m*** Started working on [4mapplyNeoforgePatches[0m[0m
 [1m[92mREUSE[0m Used cache of [4mapplyNeoforgePatches[0m in 0.00s
[1m*** Started working on [4mtransformSources[0m[0m
 [1m[92mREUSE[0m Used cache of [4mtransformSources[0m in 0.00s
[1m*** Started working on [4mrecompile[0m[0m
 [1m[92mREUSE[0m Used cache of [4mrecompile[0m in 0.00s
[1m*** Started working on [4msourcesWithNeoForge[0m[0m
 [1m[92mREUSE[0m Used cache of [4msourcesWithNeoForge[0m in 0.00s
[1m*** Started working on [4mcompiledWithNeoForge[0m[0m
 [1m[92mREUSE[0m Used cache of [4mcompiledWithNeoForge[0m in 0.00s
[1m*** Started working on [4msourcesAndCompiledWithNeoForge[0m[0m
 [1m[92mREUSE[0m Used cache of [4msourcesAndCompiledWithNeoForge[0m in 0.00s
Total runtime: 2.38s


> Task :WorldWeaver:wover-recipe-api:compileJava UP-TO-DATE
> Task :WorldWeaver:compileJava UP-TO-DATE
> Task :BCLib:compileJava UP-TO-DATE
> Task :BCLib:classes UP-TO-DATE
> Task :BCLib:fixMixinRefmap UP-TO-DATE
> Task :BCLib:jarJar UP-TO-DATE
> Task :BCLib:downloadAssets UP-TO-DATE
> Task :BCLib:prepareClientDataRun UP-TO-DATE
> Task :WorldWeaver:mergeWoverAccessTransformers UP-TO-DATE
> Task :WorldWeaver:mergeWoverServices UP-TO-DATE
> Task :WorldWeaver:processResources UP-TO-DATE
> Task :WorldWeaver:classes UP-TO-DATE
> Task :WorldWeaver:jarJar NO-SOURCE
> Task :WorldWeaver:downloadAssets UP-TO-DATE
> Task :WorldWeaver:prepareClientDataRun UP-TO-DATE
> Task :wunderlib:processResources UP-TO-DATE
> Task :wunderlib:classes UP-TO-DATE
> Task :wunderlib:jarJar NO-SOURCE
> Task :wunderlib:downloadAssets UP-TO-DATE
> Task :wunderlib:prepareClientDataRun UP-TO-DATE

> Task :wunderlib:runClientData
[22:16:32] [main/INFO] [ne.ne.fm.st.Entrypoint/]: JVM Uptime at startup: 238ms
[22:16:32] [main/INFO] [ne.ne.fm.lo.FMLLoader/]: Starting FancyModLoader version 10.0.36 (CLIENT in DEV)
[22:16:32] [main/INFO] [ne.ne.fm.lo.FMLLoader/]: Game directory: C:\Users\Redmi\Desktop\BetterMods\WunderLib-1.21.11\run
[22:16:32] [main/INFO] [ne.ne.fm.lo.EarlyServiceDiscovery/]: Found 2 early service jars (out of 104) in 45ms
[22:16:32] [main/INFO] [ne.ne.fm.lo.FMLLoader/]: Loading FML Early Services:
[22:16:32] [main/INFO] [ne.ne.fm.lo.FMLLoader/]:  - C:/Users/Redmi/.gradle/caches/modules-2/files-2.1/net.neoforged.fancymodloader/loader/10.0.36/f72ab4d3e755fe736829883d90430a281527aca/loader-10.0.36.jar
[22:16:32] [main/INFO] [ne.ne.fm.lo.FMLLoader/]:  - C:/Users/Redmi/.gradle/caches/modules-2/files-2.1/net.neoforged.fancymodloader/earlydisplay/10.0.36/dbd0e11d545443f602addede111c39d9639708f9/earlydisplay-10.0.36.jar
[22:16:32] [main/INFO] [ne.ne.fm.lo.ImmediateWindowHandler/]: Not loading early display in headless mode.
.\gradlew : 2026-03-06T17:16:32.298658200Z main WARN Advanced terminal features are not available in this environment
At line:2 char:1
+ .\gradlew compileJava --console=plain *> compile.log
+ ~~~~~~~~~~~~~~~~~~~~~~~~~~~~~~~~~~~~~~~~~~~~~~~~~~~~
    + CategoryInfo          : NotSpecified: (2026-03-06T17:1...his environment:String) [], RemoteException
    + FullyQualifiedErrorId : NativeCommandError
 
[22:16:32] [main/INFO] [ne.ne.fm.lo.mo.lo.GameLocator/]: Detected a joined NeoForge and Minecraft configuration. Applying filtering...
[22:16:32] [main/INFO] [ne.ne.fm.lo.mo.lo.InDevFolderLocator/CORE]: Got mod coordinates wunderlib%%C:\Users\Redmi\Desktop\BetterMods\WunderLib-1.21.11\build\classes\java\main;wunderlib%%C:\Users\Redmi\Desktop\BetterMods\WunderLib-1.21.11\build\resources\main from env
[22:16:33] [main/INFO] [ne.ne.fm.lo.mo.lo.JarInJarDependencyLocator/]: Found 2 dependencies adding them to mods collection
[22:16:33] [main/INFO] [ne.ne.fm.lo.mo.ModDiscoverer/]: 
     Mod List:
		Name Version (Mod Id)

		Minecraft 1.21.11 (minecraft)
		NeoForge 21.11.38-beta (neoforge)
		WunderLib 21.0.10 (wunderlib)
[22:16:33] [main/INFO] [mixin/]: SpongePowered MIXIN Subsystem Version=0.8.7 Source=file:/C:/Users/Redmi/.gradle/caches/modules-2/files-2.1/net.fabricmc/sponge-mixin/0.16.5+mixin.0.8.7/80fc3a9f592673cea87f4cd702f87991c6c9fe4d/sponge-mixin-0.16.5+mixin.0.8.7.jar Service=FML Env=CLIENT
[22:16:33] [main/INFO] [ne.ne.fm.lo.FMLLoader/]: Loading FML Plugins:
[22:16:33] [main/INFO] [ne.ne.fm.lo.FMLLoader/]:  - C:/Users/Redmi/Desktop/BetterMods/WunderLib-1.21.11/build/moddev/artifacts/neoforge-21.11.38-beta.jar > net.neoforged.neoforge-coremods-21.11.38-beta.jar
[22:16:34] [main/INFO] [ne.ne.fm.lo.FMLLoader/]: Building game content classloader:
 - minecraft (composite(jar(C:/Users/Redmi/Desktop/BetterMods/WunderLib-1.21.11/build/moddev/artifacts/neoforge-21.11.38-beta-client-extra-aka-minecraft-resources.jar), filtered(jar(C:/Users/Redmi/Desktop/BetterMods/WunderLib-1.21.11/build/moddev/artifacts/neoforge-21.11.38-beta.jar))))
 - mixinextras.neoforge (jar(C:/Users/Redmi/Desktop/BetterMods/WunderLib-1.21.11/build/moddev/artifacts/neoforge-21.11.38-beta.jar > mixinextras-neoforge-0.5.0.jar))
 - neoforge (composite(filtered(jar(C:/Users/Redmi/Desktop/BetterMods/WunderLib-1.21.11/build/moddev/artifacts/neoforge-21.11.38-beta.jar))))
 - net.neoforged.fml.generated (empty(VirtualJar/net.neoforged.fml.generated))
 - wunderlib (composite(folder(C:/Users/Redmi/Desktop/BetterMods/WunderLib-1.21.11/build/classes/java/main), folder(C:/Users/Redmi/Desktop/BetterMods/WunderLib-1.21.11/build/resources/main)))
[22:16:34] [main/INFO] [ne.ne.fm.lo.FMLLoader/]: Built game content classloader in 64ms
[22:16:35] [main/INFO] [MixinExtras|Service/]: Initializing MixinExtras via com.llamalad7.mixinextras.service.MixinExtrasServiceImpl(version=0.5.0).
[22:16:43] [main/INFO] [ne.ne.ne.da.lo.DatagenModLoader/]: Initializing Data Gatherer for mods [wunderlib]
[22:16:43] [modloading-worker-0/INFO] [ne.ne.ne.co.NeoForgeMod/NEOFORGE-MOD]: NeoForge mod loading, version 21.11.38-beta, for MC 1.21.11
[22:16:43] [modloading-worker-0/ERROR] [ne.ne.ne.co.OnlyInWarningsHandler/]: The mod wunderlib uses the @OnlyIn annotation; the runtime member-stripping behaviour of this annotation is no longer present, which may lead to issues if that behaviour was relied upon
[22:16:43] [modloading-worker-0/ERROR] [ne.ne.ne.co.OnlyInWarningsHandler/]: @OnlyIn used on method de.ambertation.wunderlib.configs.AbstractConfig.getAllCategories(Ljava/util/List;)Ljava/lang/String;
[22:16:43] [modloading-worker-0/ERROR] [ne.ne.ne.co.OnlyInWarningsHandler/]: @OnlyIn used on method de.ambertation.wunderlib.configs.AbstractConfig.getAllGroups(Ljava/util/List;)Ljava/util/List;
[22:16:43] [modloading-worker-0/ERROR] [ne.ne.ne.co.OnlyInWarningsHandler/]: @OnlyIn used on method de.ambertation.wunderlib.configs.AbstractConfig.getAllGroups()Ljava/util/List;
[22:16:43] [modloading-worker-0/ERROR] [ne.ne.ne.co.OnlyInWarningsHandler/]: @OnlyIn used on method de.ambertation.wunderlib.configs.AbstractConfig.getAllVisibleValues(Lde/ambertation/wunderlib/configs/AbstractConfig$Group;Ljava/util/List;)Ljava/util/List;
[22:16:43] [modloading-worker-0/ERROR] [ne.ne.ne.co.OnlyInWarningsHandler/]: @OnlyIn used on method de.ambertation.wunderlib.configs.AbstractConfig.getAllVisibleValues(Lde/ambertation/wunderlib/configs/AbstractConfig$Group;)Ljava/util/List;
[22:16:43] [modloading-worker-0/ERROR] [ne.ne.ne.co.OnlyInWarningsHandler/]: @OnlyIn used on method de.ambertation.wunderlib.configs.AbstractConfig.getAllVisibleValues()Ljava/util/List;
[22:16:43] [modloading-worker-0/ERROR] [ne.ne.ne.co.OnlyInWarningsHandler/]: @OnlyIn used on method de.ambertation.wunderlib.configs.AbstractConfig.getAllValues()Ljava/util/List;
[22:16:43] [modloading-worker-0/ERROR] [ne.ne.ne.co.OnlyInWarningsHandler/]: @OnlyIn used on method de.ambertation.wunderlib.network.ClientBoundNetworkPayload.processOnGameThread(Lnet/minecraft/client/Minecraft;)V
[22:16:43] [modloading-worker-0/ERROR] [ne.ne.ne.co.OnlyInWarningsHandler/]: @OnlyIn used on method de.ambertation.wunderlib.network.ClientBoundNetworkPayload.processOnClient(Lde/ambertation/wunderlib/network/PacketSender;)V
[22:16:43] [modloading-worker-0/ERROR] [ne.ne.ne.co.OnlyInWarningsHandler/]: @OnlyIn used on method de.ambertation.wunderlib.network.ServerBoundNetworkPayload.prepareOnClient()V
[22:16:43] [modloading-worker-0/ERROR] [ne.ne.ne.co.OnlyInWarningsHandler/]: @OnlyIn used on method de.ambertation.wunderlib.network.ServerBoundPacketHandler.sendToServer(Lde/ambertation/wunderlib/network/ServerBoundNetworkPayload;)V
[22:16:43] [modloading-worker-0/ERROR] [ne.ne.ne.co.OnlyInWarningsHandler/]: @OnlyIn used on class de.ambertation.wunderlib.ui.layout.components.AbstractHorizontalStack
[22:16:43] [modloading-worker-0/ERROR] [ne.ne.ne.co.OnlyInWarningsHandler/]: @OnlyIn used on class de.ambertation.wunderlib.ui.layout.components.AbstractStack
[22:16:43] [modloading-worker-0/ERROR] [ne.ne.ne.co.OnlyInWarningsHandler/]: @OnlyIn used on class de.ambertation.wunderlib.ui.layout.components.AbstractVanillaComponentRenderer
[22:16:43] [modloading-worker-0/ERROR] [ne.ne.ne.co.OnlyInWarningsHandler/]: @OnlyIn used on class de.ambertation.wunderlib.ui.layout.components.AbstractVerticalStack
[22:16:43] [modloading-worker-0/ERROR] [ne.ne.ne.co.OnlyInWarningsHandler/]: @OnlyIn used on class de.ambertation.wunderlib.ui.layout.components.Button$OnPress
[22:16:43] [modloading-worker-0/ERROR] [ne.ne.ne.co.OnlyInWarningsHandler/]: @OnlyIn used on class de.ambertation.wunderlib.ui.layout.components.Button$OnTooltip
[22:16:43] [modloading-worker-0/ERROR] [ne.ne.ne.co.OnlyInWarningsHandler/]: @OnlyIn used on class de.ambertation.wunderlib.ui.layout.components.Button
[22:16:43] [modloading-worker-0/ERROR] [ne.ne.ne.co.OnlyInWarningsHandler/]: @OnlyIn used on class de.ambertation.wunderlib.ui.layout.components.Checkbox
[22:16:43] [modloading-worker-0/ERROR] [ne.ne.ne.co.OnlyInWarningsHandler/]: @OnlyIn used on class de.ambertation.wunderlib.ui.layout.components.ColorPicker
[22:16:43] [modloading-worker-0/ERROR] [ne.ne.ne.co.OnlyInWarningsHandler/]: @OnlyIn used on class de.ambertation.wunderlib.ui.layout.components.ColorSwatch
[22:16:43] [modloading-worker-0/ERROR] [ne.ne.ne.co.OnlyInWarningsHandler/]: @OnlyIn used on class de.ambertation.wunderlib.ui.layout.components.ComponentWithBounds
[22:16:43] [modloading-worker-0/ERROR] [ne.ne.ne.co.OnlyInWarningsHandler/]: @OnlyIn used on class de.ambertation.wunderlib.ui.layout.components.Container
[22:16:43] [modloading-worker-0/ERROR] [ne.ne.ne.co.OnlyInWarningsHandler/]: @OnlyIn used on class de.ambertation.wunderlib.ui.layout.components.CustomRenderComponent
[22:16:43] [modloading-worker-0/ERROR] [ne.ne.ne.co.OnlyInWarningsHandler/]: @OnlyIn used on class de.ambertation.wunderlib.ui.layout.components.Empty
[22:16:43] [modloading-worker-0/ERROR] [ne.ne.ne.co.OnlyInWarningsHandler/]: @OnlyIn used on class de.ambertation.wunderlib.ui.layout.components.HLine
[22:16:43] [modloading-worker-0/ERROR] [ne.ne.ne.co.OnlyInWarningsHandler/]: @OnlyIn used on class de.ambertation.wunderlib.ui.layout.components.HorizontalStack
[22:16:43] [modloading-worker-0/ERROR] [ne.ne.ne.co.OnlyInWarningsHandler/]: @OnlyIn used on class de.ambertation.wunderlib.ui.layout.components.Image
[22:16:43] [modloading-worker-0/ERROR] [ne.ne.ne.co.OnlyInWarningsHandler/]: @OnlyIn used on class de.ambertation.wunderlib.ui.layout.components.ImageButton$OnPress
[22:16:43] [modloading-worker-0/ERROR] [ne.ne.ne.co.OnlyInWarningsHandler/]: @OnlyIn used on class de.ambertation.wunderlib.ui.layout.components.ImageButton$OnTooltip
[22:16:43] [modloading-worker-0/ERROR] [ne.ne.ne.co.OnlyInWarningsHandler/]: @OnlyIn used on class de.ambertation.wunderlib.ui.layout.components.ImageButton
[22:16:43] [modloading-worker-0/ERROR] [ne.ne.ne.co.OnlyInWarningsHandler/]: @OnlyIn used on class de.ambertation.wunderlib.ui.layout.components.input.RelativeContainerEventHandler
[22:16:43] [modloading-worker-0/ERROR] [ne.ne.ne.co.OnlyInWarningsHandler/]: @OnlyIn used on class de.ambertation.wunderlib.ui.layout.components.Input
[22:16:43] [modloading-worker-0/ERROR] [ne.ne.ne.co.OnlyInWarningsHandler/]: @OnlyIn used on class de.ambertation.wunderlib.ui.layout.components.LayoutComponent
[22:16:43] [modloading-worker-0/ERROR] [ne.ne.ne.co.OnlyInWarningsHandler/]: @OnlyIn used on class de.ambertation.wunderlib.ui.layout.components.Panel
[22:16:43] [modloading-worker-0/ERROR] [ne.ne.ne.co.OnlyInWarningsHandler/]: @OnlyIn used on class de.ambertation.wunderlib.ui.layout.components.Range
[22:16:43] [modloading-worker-0/ERROR] [ne.ne.ne.co.OnlyInWarningsHandler/]: @OnlyIn used on class de.ambertation.wunderlib.ui.layout.components.render.ButtonRenderer
[22:16:43] [modloading-worker-0/ERROR] [ne.ne.ne.co.OnlyInWarningsHandler/]: @OnlyIn used on class de.ambertation.wunderlib.ui.layout.components.render.CheckboxRenderer
[22:16:43] [modloading-worker-0/ERROR] [ne.ne.ne.co.OnlyInWarningsHandler/]: @OnlyIn used on class de.ambertation.wunderlib.ui.layout.components.render.ComponentRenderer
[22:16:43] [modloading-worker-0/ERROR] [ne.ne.ne.co.OnlyInWarningsHandler/]: @OnlyIn used on class de.ambertation.wunderlib.ui.layout.components.render.EditBoxRenderer
[22:16:43] [modloading-worker-0/ERROR] [ne.ne.ne.co.OnlyInWarningsHandler/]: @OnlyIn used on class de.ambertation.wunderlib.ui.layout.components.render.NullRenderer
[22:16:43] [modloading-worker-0/ERROR] [ne.ne.ne.co.OnlyInWarningsHandler/]: @OnlyIn used on class de.ambertation.wunderlib.ui.layout.components.render.RangeRenderer
[22:16:43] [modloading-worker-0/ERROR] [ne.ne.ne.co.OnlyInWarningsHandler/]: @OnlyIn used on class de.ambertation.wunderlib.ui.layout.components.render.ScrollerRenderer
[22:16:43] [modloading-worker-0/ERROR] [ne.ne.ne.co.OnlyInWarningsHandler/]: @OnlyIn used on class de.ambertation.wunderlib.ui.layout.components.render.TextProvider
[22:16:43] [modloading-worker-0/ERROR] [ne.ne.ne.co.OnlyInWarningsHandler/]: @OnlyIn used on class de.ambertation.wunderlib.ui.layout.components.Tabs
[22:16:43] [modloading-worker-0/ERROR] [ne.ne.ne.co.OnlyInWarningsHandler/]: @OnlyIn used on class de.ambertation.wunderlib.ui.layout.components.VerticalScroll
[22:16:43] [modloading-worker-0/ERROR] [ne.ne.ne.co.OnlyInWarningsHandler/]: @OnlyIn used on class de.ambertation.wunderlib.ui.layout.components.VerticalStack
[22:16:43] [modloading-worker-0/ERROR] [ne.ne.ne.co.OnlyInWarningsHandler/]: @OnlyIn used on class de.ambertation.wunderlib.ui.layout.components.VLine
[22:16:43] [modloading-worker-0/ERROR] [ne.ne.ne.co.OnlyInWarningsHandler/]: @OnlyIn used on class de.ambertation.wunderlib.ui.layout.values.Alignment
[22:16:43] [modloading-worker-0/ERROR] [ne.ne.ne.co.OnlyInWarningsHandler/]: @OnlyIn used on class de.ambertation.wunderlib.ui.layout.values.SizeType
[22:16:43] [modloading-worker-0/ERROR] [ne.ne.ne.co.OnlyInWarningsHandler/]: @OnlyIn used on class de.ambertation.wunderlib.ui.layout.values.Value
[22:16:43] [modloading-worker-0/ERROR] [ne.ne.ne.co.OnlyInWarningsHandler/]: @OnlyIn used on class de.ambertation.wunderlib.ui.vanilla.ConfigScreen
[22:16:43] [modloading-worker-0/ERROR] [ne.ne.ne.co.OnlyInWarningsHandler/]: @OnlyIn used on class de.ambertation.wunderlib.ui.vanilla.LayoutScreen
[22:16:45] [main/INFO] [minecraft/DataGenerator]: All providers took: 0 ms
[22:16:45] [main/INFO] [minecraft/HashCache]: Caching: total files: 0, old count: 0, new count: 1, removed stale: 0, written: 0
[22:16:45] [main/INFO] [ne.ne.fm.lo.FMLLoader/]: Closing FML Loader 1b278d89
[22:16:45] [main/INFO] [ne.ne.fm.ModLoader/]: Clearing ModLoader

> Task :wunderlib:jar UP-TO-DATE
> Task :WorldWeaver:wover-biome-api:processResources UP-TO-DATE
> Task :WorldWeaver:wover-biome-api:classes UP-TO-DATE
> Task :WorldWeaver:wover-biome-api:jarJar NO-SOURCE
> Task :WorldWeaver:wover-biome-api:jar UP-TO-DATE
> Task :WorldWeaver:wover-block-api:processResources UP-TO-DATE
> Task :WorldWeaver:wover-block-api:classes UP-TO-DATE
> Task :WorldWeaver:wover-block-api:jarJar NO-SOURCE
> Task :WorldWeaver:wover-block-api:jar UP-TO-DATE
> Task :WorldWeaver:wover-common-api:processResources UP-TO-DATE
> Task :WorldWeaver:wover-common-api:classes UP-TO-DATE
> Task :WorldWeaver:wover-common-api:jarJar NO-SOURCE
> Task :WorldWeaver:wover-common-api:jar UP-TO-DATE
> Task :WorldWeaver:wover-core-api:processResources UP-TO-DATE
> Task :WorldWeaver:wover-core-api:classes UP-TO-DATE
> Task :WorldWeaver:wover-core-api:jarJar NO-SOURCE
> Task :WorldWeaver:wover-core-api:jar UP-TO-DATE
> Task :WorldWeaver:wover-datagen-api:processResources UP-TO-DATE
> Task :WorldWeaver:wover-datagen-api:classes UP-TO-DATE
> Task :WorldWeaver:wover-datagen-api:jarJar NO-SOURCE
> Task :WorldWeaver:wover-datagen-api:jar UP-TO-DATE
> Task :WorldWeaver:wover-event-api:processResources UP-TO-DATE
> Task :WorldWeaver:wover-event-api:classes UP-TO-DATE
> Task :WorldWeaver:wover-event-api:jarJar NO-SOURCE
> Task :WorldWeaver:wover-event-api:jar UP-TO-DATE
> Task :WorldWeaver:wover-feature-api:processResources UP-TO-DATE
> Task :WorldWeaver:wover-feature-api:classes UP-TO-DATE
> Task :WorldWeaver:wover-feature-api:jarJar NO-SOURCE
> Task :WorldWeaver:wover-feature-api:jar UP-TO-DATE
> Task :WorldWeaver:wover-generator-api:processResources UP-TO-DATE
> Task :WorldWeaver:wover-generator-api:classes UP-TO-DATE
> Task :WorldWeaver:wover-generator-api:jarJar NO-SOURCE
> Task :WorldWeaver:wover-generator-api:jar UP-TO-DATE
> Task :WorldWeaver:wover-item-api:processResources UP-TO-DATE
> Task :WorldWeaver:wover-item-api:classes UP-TO-DATE
> Task :WorldWeaver:wover-item-api:jarJar NO-SOURCE
> Task :WorldWeaver:wover-item-api:jar UP-TO-DATE
> Task :WorldWeaver:wover-math-api:processResources UP-TO-DATE
> Task :WorldWeaver:wover-math-api:classes UP-TO-DATE
> Task :WorldWeaver:wover-math-api:jarJar NO-SOURCE
> Task :WorldWeaver:wover-math-api:jar UP-TO-DATE
> Task :WorldWeaver:wover-preset-api:processResources UP-TO-DATE
> Task :WorldWeaver:wover-preset-api:classes UP-TO-DATE
> Task :WorldWeaver:wover-preset-api:jarJar NO-SOURCE
> Task :WorldWeaver:wover-preset-api:jar UP-TO-DATE
> Task :WorldWeaver:wover-recipe-api:processResources UP-TO-DATE
> Task :WorldWeaver:wover-recipe-api:classes UP-TO-DATE
> Task :WorldWeaver:wover-recipe-api:jarJar NO-SOURCE
> Task :WorldWeaver:wover-recipe-api:jar UP-TO-DATE
> Task :WorldWeaver:wover-structure-api:processResources UP-TO-DATE
> Task :WorldWeaver:wover-structure-api:classes UP-TO-DATE
> Task :WorldWeaver:wover-structure-api:jarJar NO-SOURCE
> Task :WorldWeaver:wover-structure-api:jar UP-TO-DATE
> Task :WorldWeaver:wover-surface-api:processResources UP-TO-DATE
> Task :WorldWeaver:wover-surface-api:classes UP-TO-DATE
> Task :WorldWeaver:wover-surface-api:jarJar NO-SOURCE
> Task :WorldWeaver:wover-surface-api:jar UP-TO-DATE
> Task :WorldWeaver:wover-tag-api:processResources UP-TO-DATE
> Task :WorldWeaver:wover-tag-api:classes UP-TO-DATE
> Task :WorldWeaver:wover-tag-api:jarJar NO-SOURCE
> Task :WorldWeaver:wover-tag-api:jar UP-TO-DATE
> Task :WorldWeaver:wover-ui-api:processResources UP-TO-DATE
> Task :WorldWeaver:wover-ui-api:classes UP-TO-DATE
> Task :WorldWeaver:wover-ui-api:jarJar NO-SOURCE
> Task :WorldWeaver:wover-ui-api:jar UP-TO-DATE

> Task :WorldWeaver:runClientData
2026-03-06T17:16:50.800535800Z main WARN Advanced terminal features are not available in this environment
[22:16:51] [main/INFO] [ne.ne.fm.st.Entrypoint/]: JVM Uptime at startup: 275ms
[22:16:51] [main/INFO] [ne.ne.fm.lo.FMLLoader/]: Starting FancyModLoader version 10.0.36 (CLIENT in DEV)
[22:16:51] [main/INFO] [ne.ne.fm.lo.FMLLoader/]: Game directory: C:\Users\Redmi\Desktop\BetterMods\WorldWeaver-1.21.11\run
[22:16:51] [main/INFO] [ne.ne.fm.lo.EarlyServiceDiscovery/]: Found 2 early service jars (out of 121) in 51ms
[22:16:51] [main/INFO] [ne.ne.fm.lo.FMLLoader/]: Loading FML Early Services:
[22:16:51] [main/INFO] [ne.ne.fm.lo.FMLLoader/]:  - C:/Users/Redmi/.gradle/caches/modules-2/files-2.1/net.neoforged.fancymodloader/loader/10.0.36/f72ab4d3e755fe736829883d90430a281527aca/loader-10.0.36.jar
[22:16:51] [main/INFO] [ne.ne.fm.lo.FMLLoader/]:  - C:/Users/Redmi/.gradle/caches/modules-2/files-2.1/net.neoforged.fancymodloader/earlydisplay/10.0.36/dbd0e11d545443f602addede111c39d9639708f9/earlydisplay-10.0.36.jar
[22:16:51] [main/INFO] [ne.ne.fm.lo.ImmediateWindowHandler/]: Not loading early display in headless mode.
[22:16:51] [main/INFO] [ne.ne.fm.lo.mo.lo.GameLocator/]: Detected a joined NeoForge and Minecraft configuration. Applying filtering...
[22:16:51] [main/INFO] [ne.ne.fm.lo.mo.lo.InDevFolderLocator/CORE]: Got mod coordinates wover%%C:\Users\Redmi\Desktop\BetterMods\WorldWeaver-1.21.11\build\classes\java\main;wover%%C:\Users\Redmi\Desktop\BetterMods\WorldWeaver-1.21.11\build\resources\main from env
[22:16:51] [main/INFO] [ne.ne.fm.lo.mo.lo.JarInJarDependencyLocator/]: Found 2 dependencies adding them to mods collection
[22:16:51] [main/INFO] [ne.ne.fm.lo.mo.ModDiscoverer/]: 
     Mod List:
		Name Version (Mod Id)

		Minecraft 1.21.11 (minecraft)
		NeoForge 21.11.38-beta (neoforge)
		WorldWeaver 21.0.17 (wover)
		WunderLib 21.0.10 (wunderlib)
[22:16:52] [main/INFO] [mixin/]: SpongePowered MIXIN Subsystem Version=0.8.7 Source=file:/C:/Users/Redmi/.gradle/caches/modules-2/files-2.1/net.fabricmc/sponge-mixin/0.16.5+mixin.0.8.7/80fc3a9f592673cea87f4cd702f87991c6c9fe4d/sponge-mixin-0.16.5+mixin.0.8.7.jar Service=FML Env=CLIENT
[22:16:52] [main/INFO] [ne.ne.fm.lo.FMLLoader/]: Loading FML Plugins:
[22:16:52] [main/INFO] [ne.ne.fm.lo.FMLLoader/]:  - C:/Users/Redmi/Desktop/BetterMods/WorldWeaver-1.21.11/build/moddev/artifacts/neoforge-21.11.38-beta.jar > net.neoforged.neoforge-coremods-21.11.38-beta.jar
[22:16:52] [main/INFO] [ne.ne.fm.lo.FMLLoader/]: Building game content classloader:
 - minecraft (composite(jar(C:/Users/Redmi/Desktop/BetterMods/WorldWeaver-1.21.11/build/moddev/artifacts/neoforge-21.11.38-beta-client-extra-aka-minecraft-resources.jar), filtered(jar(C:/Users/Redmi/Desktop/BetterMods/WorldWeaver-1.21.11/build/moddev/artifacts/neoforge-21.11.38-beta.jar))))
 - mixinextras.neoforge (jar(C:/Users/Redmi/Desktop/BetterMods/WorldWeaver-1.21.11/build/moddev/artifacts/neoforge-21.11.38-beta.jar > mixinextras-neoforge-0.5.0.jar))
 - neoforge (composite(filtered(jar(C:/Users/Redmi/Desktop/BetterMods/WorldWeaver-1.21.11/build/moddev/artifacts/neoforge-21.11.38-beta.jar))))
 - net.neoforged.fml.generated (empty(VirtualJar/net.neoforged.fml.generated))
 - wover (composite(folder(C:/Users/Redmi/Desktop/BetterMods/WorldWeaver-1.21.11/build/classes/java/main), folder(C:/Users/Redmi/Desktop/BetterMods/WorldWeaver-1.21.11/build/resources/main)))
 - wunderlib (jar(C:/Users/Redmi/Desktop/BetterMods/WunderLib-1.21.11/build/libs/wunderlib-21.0.10.jar))
[22:16:52] [main/INFO] [ne.ne.fm.lo.FMLLoader/]: Built game content classloader in 77ms
[22:16:53] [main/INFO] [MixinExtras|Service/]: Initializing MixinExtras via com.llamalad7.mixinextras.service.MixinExtrasServiceImpl(version=0.5.0).
[22:17:03] [main/INFO] [ne.ne.ne.da.lo.DatagenModLoader/]: Initializing Data Gatherer for mods [wover]
[22:17:03] [modloading-worker-0/INFO] [ne.ne.ne.co.NeoForgeMod/NEOFORGE-MOD]: NeoForge mod loading, version 21.11.38-beta, for MC 1.21.11
[22:17:03] [modloading-worker-0/ERROR] [ne.ne.ne.co.OnlyInWarningsHandler/]: The mod wunderlib uses the @OnlyIn annotation; the runtime member-stripping behaviour of this annotation is no longer present, which may lead to issues if that behaviour was relied upon
[22:17:03] [modloading-worker-0/ERROR] [ne.ne.ne.co.OnlyInWarningsHandler/]: @OnlyIn used on method de.ambertation.wunderlib.configs.AbstractConfig.getAllCategories(Ljava/util/List;)Ljava/lang/String;
[22:17:03] [modloading-worker-0/ERROR] [ne.ne.ne.co.OnlyInWarningsHandler/]: @OnlyIn used on method de.ambertation.wunderlib.configs.AbstractConfig.getAllGroups(Ljava/util/List;)Ljava/util/List;
[22:17:03] [modloading-worker-0/ERROR] [ne.ne.ne.co.OnlyInWarningsHandler/]: @OnlyIn used on method de.ambertation.wunderlib.configs.AbstractConfig.getAllGroups()Ljava/util/List;
[22:17:03] [modloading-worker-0/ERROR] [ne.ne.ne.co.OnlyInWarningsHandler/]: @OnlyIn used on method de.ambertation.wunderlib.configs.AbstractConfig.getAllVisibleValues(Lde/ambertation/wunderlib/configs/AbstractConfig$Group;Ljava/util/List;)Ljava/util/List;
[22:17:03] [modloading-worker-0/ERROR] [ne.ne.ne.co.OnlyInWarningsHandler/]: @OnlyIn used on method de.ambertation.wunderlib.configs.AbstractConfig.getAllVisibleValues(Lde/ambertation/wunderlib/configs/AbstractConfig$Group;)Ljava/util/List;
[22:17:03] [modloading-worker-0/ERROR] [ne.ne.ne.co.OnlyInWarningsHandler/]: @OnlyIn used on method de.ambertation.wunderlib.configs.AbstractConfig.getAllVisibleValues()Ljava/util/List;
[22:17:03] [modloading-worker-0/ERROR] [ne.ne.ne.co.OnlyInWarningsHandler/]: @OnlyIn used on method de.ambertation.wunderlib.configs.AbstractConfig.getAllValues()Ljava/util/List;
[22:17:03] [modloading-worker-0/ERROR] [ne.ne.ne.co.OnlyInWarningsHandler/]: @OnlyIn used on method de.ambertation.wunderlib.network.ClientBoundNetworkPayload.processOnGameThread(Lnet/minecraft/client/Minecraft;)V
[22:17:03] [modloading-worker-0/ERROR] [ne.ne.ne.co.OnlyInWarningsHandler/]: @OnlyIn used on method de.ambertation.wunderlib.network.ClientBoundNetworkPayload.processOnClient(Lde/ambertation/wunderlib/network/PacketSender;)V
[22:17:03] [modloading-worker-0/ERROR] [ne.ne.ne.co.OnlyInWarningsHandler/]: @OnlyIn used on method de.ambertation.wunderlib.network.ServerBoundNetworkPayload.prepareOnClient()V
[22:17:03] [modloading-worker-0/ERROR] [ne.ne.ne.co.OnlyInWarningsHandler/]: @OnlyIn used on method de.ambertation.wunderlib.network.ServerBoundPacketHandler.sendToServer(Lde/ambertation/wunderlib/network/ServerBoundNetworkPayload;)V
[22:17:03] [modloading-worker-0/ERROR] [ne.ne.ne.co.OnlyInWarningsHandler/]: @OnlyIn used on class de.ambertation.wunderlib.ui.layout.components.AbstractHorizontalStack
[22:17:03] [modloading-worker-0/ERROR] [ne.ne.ne.co.OnlyInWarningsHandler/]: @OnlyIn used on class de.ambertation.wunderlib.ui.layout.components.AbstractStack
[22:17:03] [modloading-worker-0/ERROR] [ne.ne.ne.co.OnlyInWarningsHandler/]: @OnlyIn used on class de.ambertation.wunderlib.ui.layout.components.AbstractVanillaComponentRenderer
[22:17:03] [modloading-worker-0/ERROR] [ne.ne.ne.co.OnlyInWarningsHandler/]: @OnlyIn used on class de.ambertation.wunderlib.ui.layout.components.AbstractVerticalStack
[22:17:03] [modloading-worker-0/ERROR] [ne.ne.ne.co.OnlyInWarningsHandler/]: @OnlyIn used on class de.ambertation.wunderlib.ui.layout.components.Button$OnPress
[22:17:03] [modloading-worker-0/ERROR] [ne.ne.ne.co.OnlyInWarningsHandler/]: @OnlyIn used on class de.ambertation.wunderlib.ui.layout.components.Button$OnTooltip
[22:17:03] [modloading-worker-0/ERROR] [ne.ne.ne.co.OnlyInWarningsHandler/]: @OnlyIn used on class de.ambertation.wunderlib.ui.layout.components.Button
[22:17:03] [modloading-worker-0/ERROR] [ne.ne.ne.co.OnlyInWarningsHandler/]: @OnlyIn used on class de.ambertation.wunderlib.ui.layout.components.Checkbox
[22:17:03] [modloading-worker-0/ERROR] [ne.ne.ne.co.OnlyInWarningsHandler/]: @OnlyIn used on class de.ambertation.wunderlib.ui.layout.components.ColorPicker
[22:17:03] [modloading-worker-0/ERROR] [ne.ne.ne.co.OnlyInWarningsHandler/]: @OnlyIn used on class de.ambertation.wunderlib.ui.layout.components.ColorSwatch
[22:17:03] [modloading-worker-0/ERROR] [ne.ne.ne.co.OnlyInWarningsHandler/]: @OnlyIn used on class de.ambertation.wunderlib.ui.layout.components.ComponentWithBounds
[22:17:03] [modloading-worker-0/ERROR] [ne.ne.ne.co.OnlyInWarningsHandler/]: @OnlyIn used on class de.ambertation.wunderlib.ui.layout.components.Container
[22:17:03] [modloading-worker-0/ERROR] [ne.ne.ne.co.OnlyInWarningsHandler/]: @OnlyIn used on class de.ambertation.wunderlib.ui.layout.components.CustomRenderComponent
[22:17:03] [modloading-worker-0/ERROR] [ne.ne.ne.co.OnlyInWarningsHandler/]: @OnlyIn used on class de.ambertation.wunderlib.ui.layout.components.Empty
[22:17:03] [modloading-worker-0/ERROR] [ne.ne.ne.co.OnlyInWarningsHandler/]: @OnlyIn used on class de.ambertation.wunderlib.ui.layout.components.HLine
[22:17:03] [modloading-worker-0/ERROR] [ne.ne.ne.co.OnlyInWarningsHandler/]: @OnlyIn used on class de.ambertation.wunderlib.ui.layout.components.HorizontalStack
[22:17:03] [modloading-worker-0/ERROR] [ne.ne.ne.co.OnlyInWarningsHandler/]: @OnlyIn used on class de.ambertation.wunderlib.ui.layout.components.Image
[22:17:03] [modloading-worker-0/ERROR] [ne.ne.ne.co.OnlyInWarningsHandler/]: @OnlyIn used on class de.ambertation.wunderlib.ui.layout.components.ImageButton$OnPress
[22:17:03] [modloading-worker-0/ERROR] [ne.ne.ne.co.OnlyInWarningsHandler/]: @OnlyIn used on class de.ambertation.wunderlib.ui.layout.components.ImageButton$OnTooltip
[22:17:03] [modloading-worker-0/ERROR] [ne.ne.ne.co.OnlyInWarningsHandler/]: @OnlyIn used on class de.ambertation.wunderlib.ui.layout.components.ImageButton
[22:17:03] [modloading-worker-0/ERROR] [ne.ne.ne.co.OnlyInWarningsHandler/]: @OnlyIn used on class de.ambertation.wunderlib.ui.layout.components.input.RelativeContainerEventHandler
[22:17:03] [modloading-worker-0/ERROR] [ne.ne.ne.co.OnlyInWarningsHandler/]: @OnlyIn used on class de.ambertation.wunderlib.ui.layout.components.Input
[22:17:03] [modloading-worker-0/ERROR] [ne.ne.ne.co.OnlyInWarningsHandler/]: @OnlyIn used on class de.ambertation.wunderlib.ui.layout.components.LayoutComponent
[22:17:03] [modloading-worker-0/ERROR] [ne.ne.ne.co.OnlyInWarningsHandler/]: @OnlyIn used on class de.ambertation.wunderlib.ui.layout.components.Panel
[22:17:03] [modloading-worker-0/ERROR] [ne.ne.ne.co.OnlyInWarningsHandler/]: @OnlyIn used on class de.ambertation.wunderlib.ui.layout.components.Range
[22:17:03] [modloading-worker-0/ERROR] [ne.ne.ne.co.OnlyInWarningsHandler/]: @OnlyIn used on class de.ambertation.wunderlib.ui.layout.components.render.ButtonRenderer
[22:17:03] [modloading-worker-0/ERROR] [ne.ne.ne.co.OnlyInWarningsHandler/]: @OnlyIn used on class de.ambertation.wunderlib.ui.layout.components.render.CheckboxRenderer
[22:17:03] [modloading-worker-0/ERROR] [ne.ne.ne.co.OnlyInWarningsHandler/]: @OnlyIn used on class de.ambertation.wunderlib.ui.layout.components.render.ComponentRenderer
[22:17:03] [modloading-worker-0/ERROR] [ne.ne.ne.co.OnlyInWarningsHandler/]: @OnlyIn used on class de.ambertation.wunderlib.ui.layout.components.render.EditBoxRenderer
[22:17:03] [modloading-worker-0/ERROR] [ne.ne.ne.co.OnlyInWarningsHandler/]: @OnlyIn used on class de.ambertation.wunderlib.ui.layout.components.render.NullRenderer
[22:17:03] [modloading-worker-0/ERROR] [ne.ne.ne.co.OnlyInWarningsHandler/]: @OnlyIn used on class de.ambertation.wunderlib.ui.layout.components.render.RangeRenderer
[22:17:03] [modloading-worker-0/ERROR] [ne.ne.ne.co.OnlyInWarningsHandler/]: @OnlyIn used on class de.ambertation.wunderlib.ui.layout.components.render.ScrollerRenderer
[22:17:03] [modloading-worker-0/ERROR] [ne.ne.ne.co.OnlyInWarningsHandler/]: @OnlyIn used on class de.ambertation.wunderlib.ui.layout.components.render.TextProvider
[22:17:03] [modloading-worker-0/ERROR] [ne.ne.ne.co.OnlyInWarningsHandler/]: @OnlyIn used on class de.ambertation.wunderlib.ui.layout.components.Tabs
[22:17:03] [modloading-worker-0/ERROR] [ne.ne.ne.co.OnlyInWarningsHandler/]: @OnlyIn used on class de.ambertation.wunderlib.ui.layout.components.VerticalScroll
[22:17:03] [modloading-worker-0/ERROR] [ne.ne.ne.co.OnlyInWarningsHandler/]: @OnlyIn used on class de.ambertation.wunderlib.ui.layout.components.VerticalStack
[22:17:03] [modloading-worker-0/ERROR] [ne.ne.ne.co.OnlyInWarningsHandler/]: @OnlyIn used on class de.ambertation.wunderlib.ui.layout.components.VLine
[22:17:03] [modloading-worker-0/ERROR] [ne.ne.ne.co.OnlyInWarningsHandler/]: @OnlyIn used on class de.ambertation.wunderlib.ui.layout.values.Alignment
[22:17:03] [modloading-worker-0/ERROR] [ne.ne.ne.co.OnlyInWarningsHandler/]: @OnlyIn used on class de.ambertation.wunderlib.ui.layout.values.SizeType
[22:17:03] [modloading-worker-0/ERROR] [ne.ne.ne.co.OnlyInWarningsHandler/]: @OnlyIn used on class de.ambertation.wunderlib.ui.layout.values.Value
[22:17:03] [modloading-worker-0/ERROR] [ne.ne.ne.co.OnlyInWarningsHandler/]: @OnlyIn used on class de.ambertation.wunderlib.ui.vanilla.ConfigScreen
[22:17:03] [modloading-worker-0/ERROR] [ne.ne.ne.co.OnlyInWarningsHandler/]: @OnlyIn used on class de.ambertation.wunderlib.ui.vanilla.LayoutScreen
[22:17:04] [Worker-Main-1/WARN] [wover-core/]: DID NOT bootstrap VanillaRegistries.
[22:17:05] [main/INFO] [minecraft/DataGenerator]: All providers took: 0 ms
[22:17:05] [main/INFO] [minecraft/HashCache]: Caching: total files: 0, old count: 0, new count: 1, removed stale: 0, written: 0
[22:17:05] [main/INFO] [ne.ne.fm.lo.FMLLoader/]: Closing FML Loader 66faa93d
[22:17:05] [main/INFO] [ne.ne.fm.ModLoader/]: Clearing ModLoader

> Task :WorldWeaver:jar UP-TO-DATE

> Task :BCLib:runClientData
2026-03-06T17:17:08.449173200Z main WARN Advanced terminal features are not available in this environment
[22:17:08] [main/INFO] [ne.ne.fm.st.Entrypoint/]: JVM Uptime at startup: 266ms
[22:17:08] [main/INFO] [ne.ne.fm.lo.FMLLoader/]: Starting FancyModLoader version 10.0.36 (CLIENT in DEV)
[22:17:08] [main/INFO] [ne.ne.fm.lo.FMLLoader/]: Game directory: C:\Users\Redmi\Desktop\BetterMods\BCLib-1.21.11\run
[22:17:08] [main/INFO] [ne.ne.fm.lo.EarlyServiceDiscovery/]: Found 2 early service jars (out of 123) in 53ms
[22:17:08] [main/INFO] [ne.ne.fm.lo.FMLLoader/]: Loading FML Early Services:
[22:17:08] [main/INFO] [ne.ne.fm.lo.FMLLoader/]:  - C:/Users/Redmi/.gradle/caches/modules-2/files-2.1/net.neoforged.fancymodloader/loader/10.0.36/f72ab4d3e755fe736829883d90430a281527aca/loader-10.0.36.jar
[22:17:08] [main/INFO] [ne.ne.fm.lo.FMLLoader/]:  - C:/Users/Redmi/.gradle/caches/modules-2/files-2.1/net.neoforged.fancymodloader/earlydisplay/10.0.36/dbd0e11d545443f602addede111c39d9639708f9/earlydisplay-10.0.36.jar
[22:17:08] [main/INFO] [ne.ne.fm.lo.ImmediateWindowHandler/]: Not loading early display in headless mode.
[22:17:08] [main/INFO] [ne.ne.fm.lo.mo.lo.GameLocator/]: Detected a joined NeoForge and Minecraft configuration. Applying filtering...
[22:17:09] [main/INFO] [ne.ne.fm.lo.mo.lo.InDevFolderLocator/CORE]: Got mod coordinates bclib%%C:\Users\Redmi\Desktop\BetterMods\BCLib-1.21.11\build\classes\java\main;bclib%%C:\Users\Redmi\Desktop\BetterMods\BCLib-1.21.11\build\resources\main from env
[22:17:09] [main/WARN] [ne.ne.ja.se.JarSelector/]: Attempted to select a dependency jar for JarJar which was passed in as source: library:mixinextras.neoforge. Using jar(C:/Users/Redmi/.gradle/caches/modules-2/files-2.1/io.github.llamalad7/mixinextras-neoforge/0.5.0/d734b83ce6542bb70ea31755c1595b88992dbe65/mixinextras-neoforge-0.5.0.jar)
[22:17:09] [main/INFO] [ne.ne.fm.lo.mo.lo.JarInJarDependencyLocator/]: Found 1 dependencies adding them to mods collection
[22:17:09] [main/INFO] [ne.ne.fm.lo.mo.ModDiscoverer/]: 
     Mod List:
		Name Version (Mod Id)

		BCLib 21.0.19 (bclib)
		Minecraft 1.21.11 (minecraft)
		NeoForge 21.11.38-beta (neoforge)
		WorldWeaver 21.0.17 (wover)
		WunderLib 21.0.10 (wunderlib)
[22:17:09] [main/INFO] [mixin/]: SpongePowered MIXIN Subsystem Version=0.8.7 Source=file:/C:/Users/Redmi/.gradle/caches/modules-2/files-2.1/net.fabricmc/sponge-mixin/0.16.5+mixin.0.8.7/80fc3a9f592673cea87f4cd702f87991c6c9fe4d/sponge-mixin-0.16.5+mixin.0.8.7.jar Service=FML Env=CLIENT
[22:17:10] [main/INFO] [ne.ne.fm.lo.FMLLoader/]: Loading FML Plugins:
[22:17:10] [main/INFO] [ne.ne.fm.lo.FMLLoader/]:  - C:/Users/Redmi/Desktop/BetterMods/BCLib-1.21.11/build/moddev/artifacts/neoforge-21.11.38-beta.jar > net.neoforged.neoforge-coremods-21.11.38-beta.jar
[22:17:10] [main/INFO] [ne.ne.fm.lo.FMLLoader/]: Building game content classloader:
 - bclib (composite(folder(C:/Users/Redmi/Desktop/BetterMods/BCLib-1.21.11/build/classes/java/main), folder(C:/Users/Redmi/Desktop/BetterMods/BCLib-1.21.11/build/resources/main)))
 - minecraft (composite(jar(C:/Users/Redmi/Desktop/BetterMods/BCLib-1.21.11/build/moddev/artifacts/neoforge-21.11.38-beta-client-extra-aka-minecraft-resources.jar), filtered(jar(C:/Users/Redmi/Desktop/BetterMods/BCLib-1.21.11/build/moddev/artifacts/neoforge-21.11.38-beta.jar))))
 - mixinextras.neoforge (jar(C:/Users/Redmi/.gradle/caches/modules-2/files-2.1/io.github.llamalad7/mixinextras-neoforge/0.5.0/d734b83ce6542bb70ea31755c1595b88992dbe65/mixinextras-neoforge-0.5.0.jar))
 - neoforge (composite(filtered(jar(C:/Users/Redmi/Desktop/BetterMods/BCLib-1.21.11/build/moddev/artifacts/neoforge-21.11.38-beta.jar))))
 - net.neoforged.fml.generated (empty(VirtualJar/net.neoforged.fml.generated))
 - wover (jar(C:/Users/Redmi/Desktop/BetterMods/WorldWeaver-1.21.11/build/libs/worldweaver-21.0.18.jar))
 - wunderlib (jar(C:/Users/Redmi/Desktop/BetterMods/WunderLib-1.21.11/build/libs/wunderlib-21.0.10.jar))
[22:17:10] [main/INFO] [ne.ne.fm.lo.FMLLoader/]: Built game content classloader in 91ms
[22:17:11] [main/INFO] [MixinExtras|Service/]: Initializing MixinExtras via com.llamalad7.mixinextras.service.MixinExtrasServiceImpl(version=0.5.0).
[22:17:21] [main/INFO] [ne.ne.ne.da.lo.DatagenModLoader/]: Initializing Data Gatherer for mods [bclib]
[22:17:21] [modloading-worker-0/INFO] [ne.ne.ne.co.NeoForgeMod/NEOFORGE-MOD]: NeoForge mod loading, version 21.11.38-beta, for MC 1.21.11
[22:17:21] [modloading-worker-0/INFO] [wover-core/]: (DEBUG) Adding dynamic registry: wover:wover/world_preset_info
[22:17:21] [modloading-worker-0/INFO] [wover-core/]: (DEBUG) Adding dynamic registry bootstrap: minecraft:worldgen/world_preset
[22:17:21] [modloading-worker-0/INFO] [wover-core/]: (DEBUG) Adding dynamic registry bootstrap: minecraft:worldgen/flat_level_generator_preset
[22:17:21] [modloading-worker-0/INFO] [wover-core/]: (DEBUG) Adding dynamic registry: wover:worldgen/surface_rules
[22:17:21] [modloading-worker-0/INFO] [wover-core/]: (DEBUG) Adding dynamic registry bootstrap: minecraft:worldgen/structure
[22:17:21] [modloading-worker-0/ERROR] [ne.ne.ne.co.OnlyInWarningsHandler/]: The mod bclib uses the @OnlyIn annotation; the runtime member-stripping behaviour of this annotation is no longer present, which may lead to issues if that behaviour was relied upon
[22:17:21] [modloading-worker-0/ERROR] [ne.ne.ne.co.OnlyInWarningsHandler/]: @OnlyIn used on method org.betterx.bclib.api.v2.dataexchange.BaseDataHandler.sendToServer(Lnet/minecraft/client/Minecraft;)V
[22:17:21] [modloading-worker-0/ERROR] [ne.ne.ne.co.OnlyInWarningsHandler/]: @OnlyIn used on method org.betterx.bclib.api.v2.dataexchange.BaseDataHandler.receiveFromServer(Lnet/minecraft/client/Minecraft;Lnet/minecraft/client/multiplayer/ClientPacketListener;Lnet/minecraft/network/protocol/common/custom/CustomPacketPayload;Lorg/betterx/bclib/api/v2/dataexchange/PacketSender;)V
[22:17:21] [modloading-worker-0/ERROR] [ne.ne.ne.co.OnlyInWarningsHandler/]: @OnlyIn used on class org.betterx.bclib.api.v2.dataexchange.ConnectorClientside
[22:17:21] [modloading-worker-0/ERROR] [ne.ne.ne.co.OnlyInWarningsHandler/]: @OnlyIn used on method org.betterx.bclib.api.v2.dataexchange.DataExchangeAPI.clientSupplier(Lorg/betterx/bclib/api/v2/dataexchange/handler/DataExchange;)Lorg/betterx/bclib/api/v2/dataexchange/Connector;
[22:17:21] [modloading-worker-0/ERROR] [ne.ne.ne.co.OnlyInWarningsHandler/]: @OnlyIn used on method org.betterx.bclib.api.v2.dataexchange.DataHandler$FromClient.sendToServer(Lnet/minecraft/client/Minecraft;)V
[22:17:21] [modloading-worker-0/ERROR] [ne.ne.ne.co.OnlyInWarningsHandler/]: @OnlyIn used on method org.betterx.bclib.api.v2.dataexchange.DataHandler$FromClient.serializeDataOnClient()Lnet/minecraft/network/protocol/common/custom/CustomPacketPayload;
[22:17:21] [modloading-worker-0/ERROR] [ne.ne.ne.co.OnlyInWarningsHandler/]: @OnlyIn used on method org.betterx.bclib.api.v2.dataexchange.DataHandler$FromClient.prepareDataOnClient()Z
[22:17:21] [modloading-worker-0/ERROR] [ne.ne.ne.co.OnlyInWarningsHandler/]: @OnlyIn used on method org.betterx.bclib.api.v2.dataexchange.DataHandler$FromServer.sendToServer(Lnet/minecraft/client/Minecraft;)V
[22:17:21] [modloading-worker-0/ERROR] [ne.ne.ne.co.OnlyInWarningsHandler/]: @OnlyIn used on method org.betterx.bclib.api.v2.dataexchange.DataHandler$FromServer.runOnClientGameThread(Lnet/minecraft/client/Minecraft;)V
[22:17:21] [modloading-worker-0/ERROR] [ne.ne.ne.co.OnlyInWarningsHandler/]: @OnlyIn used on method org.betterx.bclib.api.v2.dataexchange.DataHandler$FromServer.deserializeIncomingDataOnClient(Lnet/minecraft/network/protocol/common/custom/CustomPacketPayload;Lorg/betterx/bclib/api/v2/dataexchange/PacketSender;)V
[22:17:21] [modloading-worker-0/ERROR] [ne.ne.ne.co.OnlyInWarningsHandler/]: @OnlyIn used on method org.betterx.bclib.api.v2.dataexchange.DataHandler.sendToServer(Lnet/minecraft/client/Minecraft;)V
[22:17:21] [modloading-worker-0/ERROR] [ne.ne.ne.co.OnlyInWarningsHandler/]: @OnlyIn used on method org.betterx.bclib.api.v2.dataexchange.DataHandler.receiveFromServer(Lnet/minecraft/client/Minecraft;Lnet/minecraft/client/multiplayer/ClientPacketListener;Lnet/minecraft/network/protocol/common/custom/CustomPacketPayload;Lorg/betterx/bclib/api/v2/dataexchange/PacketSender;)V
[22:17:21] [modloading-worker-0/ERROR] [ne.ne.ne.co.OnlyInWarningsHandler/]: @OnlyIn used on method org.betterx.bclib.api.v2.dataexchange.handler.DataExchange.sendOnEnter()V
[22:17:21] [modloading-worker-0/ERROR] [ne.ne.ne.co.OnlyInWarningsHandler/]: @OnlyIn used on method org.betterx.bclib.api.v2.dataexchange.handler.DataExchange.prepareClientside()V
[22:17:21] [modloading-worker-0/ERROR] [ne.ne.ne.co.OnlyInWarningsHandler/]: @OnlyIn used on method org.betterx.bclib.api.v2.dataexchange.handler.DataExchange.initClientside()V
[22:17:21] [modloading-worker-0/ERROR] [ne.ne.ne.co.OnlyInWarningsHandler/]: @OnlyIn used on class org.betterx.bclib.api.v2.dataexchange.handler.DataExchangeClientEvents
[22:17:21] [modloading-worker-0/ERROR] [ne.ne.ne.co.OnlyInWarningsHandler/]: @OnlyIn used on method org.betterx.bclib.api.v2.datafixer.DataFixerAPI.showBackupWarning(Ljava/lang/String;Ljava/util/function/BiConsumer;)V
[22:17:21] [modloading-worker-0/ERROR] [ne.ne.ne.co.OnlyInWarningsHandler/]: @OnlyIn used on method org.betterx.bclib.api.v2.datafixer.DataFixerAPI.showBackupFailedScreen(Ljava/lang/Runnable;Ljava/lang/Runnable;)V
[22:17:21] [modloading-worker-0/ERROR] [ne.ne.ne.co.OnlyInWarningsHandler/]: @OnlyIn used on method org.betterx.bclib.api.v2.datafixer.DataFixerAPI.showLevelFixErrorScreen(Lorg/betterx/bclib/api/v2/datafixer/DataFixerAPI$State;Lorg/betterx/bclib/client/gui/screens/LevelFixErrorScreen$Listener;)V
[22:17:21] [modloading-worker-0/ERROR] [ne.ne.ne.co.OnlyInWarningsHandler/]: @OnlyIn used on method org.betterx.bclib.api.v2.datafixer.DataFixerAPI.showProgressScreen()Lorg/betterx/bclib/client/gui/screens/AtomicProgressListener;
[22:17:21] [modloading-worker-0/ERROR] [ne.ne.ne.co.OnlyInWarningsHandler/]: @OnlyIn used on method org.betterx.bclib.api.v2.PostInitAPI.processBlockClient(Lnet/minecraft/world/level/block/Block;)V
[22:17:21] [modloading-worker-0/ERROR] [ne.ne.ne.co.OnlyInWarningsHandler/]: @OnlyIn used on method org.betterx.bclib.blocks.AbstractVineBlock.provideBlockModels(Lorg/betterx/wover/block/api/model/WoverBlockModelGenerators;)V
[22:17:21] [modloading-worker-0/ERROR] [ne.ne.ne.co.OnlyInWarningsHandler/]: @OnlyIn used on method org.betterx.bclib.blocks.BaseAnvilBlock.provideBlockModels(Lorg/betterx/wover/block/api/model/WoverBlockModelGenerators;)V
[22:17:21] [modloading-worker-0/ERROR] [ne.ne.ne.co.OnlyInWarningsHandler/]: @OnlyIn used on method org.betterx.bclib.blocks.BaseBarkBlock.provideBlockModels(Lorg/betterx/wover/block/api/model/WoverBlockModelGenerators;)V
[22:17:21] [modloading-worker-0/ERROR] [ne.ne.ne.co.OnlyInWarningsHandler/]: @OnlyIn used on method org.betterx.bclib.blocks.BaseBarrelBlock.provideBlockModels(Lorg/betterx/wover/block/api/model/WoverBlockModelGenerators;)V
[22:17:21] [modloading-worker-0/ERROR] [ne.ne.ne.co.OnlyInWarningsHandler/]: @OnlyIn used on method org.betterx.bclib.blocks.BaseBarsBlock.skipRendering(Lnet/minecraft/world/level/block/state/BlockState;Lnet/minecraft/world/level/block/state/BlockState;Lnet/minecraft/core/Direction;)Z
[22:17:21] [modloading-worker-0/ERROR] [ne.ne.ne.co.OnlyInWarningsHandler/]: @OnlyIn used on method org.betterx.bclib.blocks.BaseBarsBlock.getModelVariant(Lnet/minecraft/resources/Identifier;Lnet/minecraft/world/level/block/state/BlockState;Ljava/util/Map;)Lnet/minecraft/client/renderer/block/model/BlockStateModel$UnbakedRoot;
[22:17:21] [modloading-worker-0/ERROR] [ne.ne.ne.co.OnlyInWarningsHandler/]: @OnlyIn used on method org.betterx.bclib.blocks.BaseBarsBlock.getBlockModel(Lnet/minecraft/resources/Identifier;Lnet/minecraft/world/level/block/state/BlockState;)Lnet/minecraft/client/renderer/block/model/BlockModel;
[22:17:21] [modloading-worker-0/ERROR] [ne.ne.ne.co.OnlyInWarningsHandler/]: @OnlyIn used on method org.betterx.bclib.blocks.BaseBarsBlock.getItemModel(Lnet/minecraft/resources/Identifier;)Lnet/minecraft/client/renderer/block/model/BlockModel;
[22:17:21] [modloading-worker-0/ERROR] [ne.ne.ne.co.OnlyInWarningsHandler/]: @OnlyIn used on method org.betterx.bclib.blocks.BaseBlock.provideBlockModels(Lorg/betterx/wover/block/api/model/WoverBlockModelGenerators;)V
[22:17:21] [modloading-worker-0/ERROR] [ne.ne.ne.co.OnlyInWarningsHandler/]: @OnlyIn used on method org.betterx.bclib.blocks.BaseBookshelfBlock.provideBlockModels(Lorg/betterx/wover/block/api/model/WoverBlockModelGenerators;)V
[22:17:21] [modloading-worker-0/ERROR] [ne.ne.ne.co.OnlyInWarningsHandler/]: @OnlyIn used on method org.betterx.bclib.blocks.BaseButtonBlock.provideBlockModels(Lorg/betterx/wover/block/api/model/WoverBlockModelGenerators;)V
[22:17:21] [modloading-worker-0/ERROR] [ne.ne.ne.co.OnlyInWarningsHandler/]: @OnlyIn used on method org.betterx.bclib.blocks.BaseChainBlock.getModelVariant(Lnet/minecraft/resources/Identifier;Lnet/minecraft/world/level/block/state/BlockState;Ljava/util/Map;)Lnet/minecraft/client/renderer/block/model/BlockStateModel$UnbakedRoot;
[22:17:21] [modloading-worker-0/ERROR] [ne.ne.ne.co.OnlyInWarningsHandler/]: @OnlyIn used on method org.betterx.bclib.blocks.BaseChainBlock.getBlockModel(Lnet/minecraft/resources/Identifier;Lnet/minecraft/world/level/block/state/BlockState;)Lnet/minecraft/client/renderer/block/model/BlockModel;
[22:17:21] [modloading-worker-0/ERROR] [ne.ne.ne.co.OnlyInWarningsHandler/]: @OnlyIn used on method org.betterx.bclib.blocks.BaseChainBlock.getItemModel(Lnet/minecraft/resources/Identifier;)Lnet/minecraft/client/renderer/block/model/BlockModel;
[22:17:21] [modloading-worker-0/ERROR] [ne.ne.ne.co.OnlyInWarningsHandler/]: @OnlyIn used on method org.betterx.bclib.blocks.BaseComposterBlock.provideBlockModels(Lorg/betterx/wover/block/api/model/WoverBlockModelGenerators;)V
[22:17:21] [modloading-worker-0/ERROR] [ne.ne.ne.co.OnlyInWarningsHandler/]: @OnlyIn used on method org.betterx.bclib.blocks.BaseCraftingTableBlock.provideBlockModels(Lorg/betterx/wover/block/api/model/WoverBlockModelGenerators;)V
[22:17:21] [modloading-worker-0/ERROR] [ne.ne.ne.co.OnlyInWarningsHandler/]: @OnlyIn used on method org.betterx.bclib.blocks.BaseDoorBlock.provideBlockModels(Lorg/betterx/wover/block/api/model/WoverBlockModelGenerators;)V
[22:17:21] [modloading-worker-0/ERROR] [ne.ne.ne.co.OnlyInWarningsHandler/]: @OnlyIn used on method org.betterx.bclib.blocks.BaseDoublePlantBlock.provideBlockModels(Lorg/betterx/wover/block/api/model/WoverBlockModelGenerators;)V
[22:17:21] [modloading-worker-0/ERROR] [ne.ne.ne.co.OnlyInWarningsHandler/]: @OnlyIn used on method org.betterx.bclib.blocks.BaseFenceBlock.provideBlockModels(Lorg/betterx/wover/block/api/model/WoverBlockModelGenerators;)V
[22:17:21] [modloading-worker-0/ERROR] [ne.ne.ne.co.OnlyInWarningsHandler/]: @OnlyIn used on method org.betterx.bclib.blocks.BaseFenceBlock.getModelVariant(Lnet/minecraft/resources/Identifier;Lnet/minecraft/world/level/block/state/BlockState;Ljava/util/Map;)Lnet/minecraft/client/renderer/block/model/BlockStateModel$UnbakedRoot;
[22:17:21] [modloading-worker-0/ERROR] [ne.ne.ne.co.OnlyInWarningsHandler/]: @OnlyIn used on method org.betterx.bclib.blocks.BaseFenceBlock.getBlockModel(Lnet/minecraft/resources/Identifier;Lnet/minecraft/world/level/block/state/BlockState;)Lnet/minecraft/client/renderer/block/model/BlockModel;
[22:17:21] [modloading-worker-0/ERROR] [ne.ne.ne.co.OnlyInWarningsHandler/]: @OnlyIn used on method org.betterx.bclib.blocks.BaseFenceBlock.getItemModel(Lnet/minecraft/resources/Identifier;)Lnet/minecraft/client/renderer/block/model/BlockModel;
[22:17:21] [modloading-worker-0/ERROR] [ne.ne.ne.co.OnlyInWarningsHandler/]: @OnlyIn used on method org.betterx.bclib.blocks.BaseFurnaceBlock.addRotationModels(Lnet/minecraft/client/data/models/blockstates/PropertyDispatch$C2;Lnet/minecraft/resources/Identifier;Z)V
[22:17:21] [modloading-worker-0/ERROR] [ne.ne.ne.co.OnlyInWarningsHandler/]: @OnlyIn used on method org.betterx.bclib.blocks.BaseFurnaceBlock.provideBlockModels(Lorg/betterx/wover/block/api/model/WoverBlockModelGenerators;)V
[22:17:21] [modloading-worker-0/ERROR] [ne.ne.ne.co.OnlyInWarningsHandler/]: @OnlyIn used on method org.betterx.bclib.blocks.BaseGateBlock.provideBlockModels(Lorg/betterx/wover/block/api/model/WoverBlockModelGenerators;)V
[22:17:21] [modloading-worker-0/ERROR] [ne.ne.ne.co.OnlyInWarningsHandler/]: @OnlyIn used on method org.betterx.bclib.blocks.BaseGlassBlock.skipRendering(Lnet/minecraft/world/level/block/state/BlockState;Lnet/minecraft/world/level/block/state/BlockState;Lnet/minecraft/core/Direction;)Z
[22:17:21] [modloading-worker-0/ERROR] [ne.ne.ne.co.OnlyInWarningsHandler/]: @OnlyIn used on method org.betterx.bclib.blocks.BaseGlassBlock.getShadeBrightness(Lnet/minecraft/world/level/block/state/BlockState;Lnet/minecraft/world/level/BlockGetter;Lnet/minecraft/core/BlockPos;)F
[22:17:21] [modloading-worker-0/ERROR] [ne.ne.ne.co.OnlyInWarningsHandler/]: @OnlyIn used on method org.betterx.bclib.blocks.BaseLadderBlock.provideBlockModels(Lorg/betterx/wover/block/api/model/WoverBlockModelGenerators;)V
[22:17:21] [modloading-worker-0/ERROR] [ne.ne.ne.co.OnlyInWarningsHandler/]: @OnlyIn used on method org.betterx.bclib.blocks.BasePathBlock.provideBlockModels(Lorg/betterx/wover/block/api/model/WoverBlockModelGenerators;)V
[22:17:21] [modloading-worker-0/ERROR] [ne.ne.ne.co.OnlyInWarningsHandler/]: @OnlyIn used on method org.betterx.bclib.blocks.BasePlantBlock.provideBlockModels(Lorg/betterx/wover/block/api/model/WoverBlockModelGenerators;)V
[22:17:21] [modloading-worker-0/ERROR] [ne.ne.ne.co.OnlyInWarningsHandler/]: @OnlyIn used on method org.betterx.bclib.blocks.BasePressurePlateBlock.provideBlockModels(Lorg/betterx/wover/block/api/model/WoverBlockModelGenerators;)V
[22:17:21] [modloading-worker-0/ERROR] [ne.ne.ne.co.OnlyInWarningsHandler/]: @OnlyIn used on method org.betterx.bclib.blocks.BaseRotatedPillarBlock.provideBlockModels(Lorg/betterx/wover/block/api/model/WoverBlockModelGenerators;)V
[22:17:21] [modloading-worker-0/ERROR] [ne.ne.ne.co.OnlyInWarningsHandler/]: @OnlyIn used on method org.betterx.bclib.blocks.BaseSlabBlock.provideBlockModels(Lorg/betterx/wover/block/api/model/WoverBlockModelGenerators;)V
[22:17:21] [modloading-worker-0/ERROR] [ne.ne.ne.co.OnlyInWarningsHandler/]: @OnlyIn used on method org.betterx.bclib.blocks.BaseStairsBlock.provideBlockModels(Lorg/betterx/wover/block/api/model/WoverBlockModelGenerators;)V
[22:17:21] [modloading-worker-0/ERROR] [ne.ne.ne.co.OnlyInWarningsHandler/]: @OnlyIn used on method org.betterx.bclib.blocks.BaseTerrainBlock.provideBlockModels(Lorg/betterx/wover/block/api/model/WoverBlockModelGenerators;)V
[22:17:21] [modloading-worker-0/ERROR] [ne.ne.ne.co.OnlyInWarningsHandler/]: @OnlyIn used on method org.betterx.bclib.blocks.BaseTrapdoorBlock.provideBlockModels(Lorg/betterx/wover/block/api/model/WoverBlockModelGenerators;)V
[22:17:21] [modloading-worker-0/ERROR] [ne.ne.ne.co.OnlyInWarningsHandler/]: @OnlyIn used on method org.betterx.bclib.blocks.BaseWallBlock.provideBlockModels(Lorg/betterx/wover/block/api/model/WoverBlockModelGenerators;)V
[22:17:21] [modloading-worker-0/ERROR] [ne.ne.ne.co.OnlyInWarningsHandler/]: @OnlyIn used on method org.betterx.bclib.blocks.BaseWeightedPlateBlock.getModelVariant(Lnet/minecraft/resources/Identifier;Lnet/minecraft/world/level/block/state/BlockState;Ljava/util/Map;)Lnet/minecraft/client/renderer/block/model/BlockStateModel$UnbakedRoot;
[22:17:21] [modloading-worker-0/ERROR] [ne.ne.ne.co.OnlyInWarningsHandler/]: @OnlyIn used on method org.betterx.bclib.blocks.BaseWeightedPlateBlock.getBlockModel(Lnet/minecraft/resources/Identifier;Lnet/minecraft/world/level/block/state/BlockState;)Lnet/minecraft/client/renderer/block/model/BlockModel;
[22:17:21] [modloading-worker-0/ERROR] [ne.ne.ne.co.OnlyInWarningsHandler/]: @OnlyIn used on method org.betterx.bclib.blocks.BaseWeightedPlateBlock.getItemModel(Lnet/minecraft/resources/Identifier;)Lnet/minecraft/client/renderer/block/model/BlockModel;
[22:17:21] [modloading-worker-0/ERROR] [ne.ne.ne.co.OnlyInWarningsHandler/]: @OnlyIn used on method org.betterx.bclib.blocks.FeatureSaplingBlock.getBlockModel(Lnet/minecraft/resources/Identifier;Lnet/minecraft/world/level/block/state/BlockState;)Lnet/minecraft/client/renderer/block/model/BlockModel;
[22:17:21] [modloading-worker-0/ERROR] [ne.ne.ne.co.OnlyInWarningsHandler/]: @OnlyIn used on method org.betterx.bclib.blocks.FeatureSaplingBlock.getItemModel(Lnet/minecraft/resources/Identifier;)Lnet/minecraft/client/renderer/block/model/BlockModel;
[22:17:21] [modloading-worker-0/ERROR] [ne.ne.ne.co.OnlyInWarningsHandler/]: @OnlyIn used on method org.betterx.bclib.blocks.signs.BaseHangingSignBlock.provideBlockModels(Lorg/betterx/wover/block/api/model/WoverBlockModelGenerators;)V
[22:17:21] [modloading-worker-0/ERROR] [ne.ne.ne.co.OnlyInWarningsHandler/]: @OnlyIn used on method org.betterx.bclib.blocks.signs.BaseSignBlock.provideBlockModels(Lorg/betterx/wover/block/api/model/WoverBlockModelGenerators;)V
[22:17:21] [modloading-worker-0/ERROR] [ne.ne.ne.co.OnlyInWarningsHandler/]: @OnlyIn used on method org.betterx.bclib.blocks.StalactiteBlock.provideBlockModels(Lorg/betterx/wover/block/api/model/WoverBlockModelGenerators;)V
[22:17:21] [modloading-worker-0/ERROR] [ne.ne.ne.co.OnlyInWarningsHandler/]: @OnlyIn used on method org.betterx.bclib.blocks.TripleTerrainBlock.getModelVariant(Lnet/minecraft/resources/Identifier;Lnet/minecraft/world/level/block/state/BlockState;Ljava/util/Map;)Lnet/minecraft/client/renderer/block/model/BlockStateModel$UnbakedRoot;
[22:17:21] [modloading-worker-0/ERROR] [ne.ne.ne.co.OnlyInWarningsHandler/]: @OnlyIn used on method org.betterx.bclib.blocks.TripleTerrainBlock.getBlockModel(Lnet/minecraft/resources/Identifier;Lnet/minecraft/world/level/block/state/BlockState;)Lnet/minecraft/client/renderer/block/model/BlockModel;
[22:17:21] [modloading-worker-0/ERROR] [ne.ne.ne.co.OnlyInWarningsHandler/]: @OnlyIn used on method org.betterx.bclib.blocks.TripleTerrainBlock.getItemModel(Lnet/minecraft/resources/Identifier;)Lnet/minecraft/client/renderer/block/model/BlockModel;
[22:17:21] [modloading-worker-0/ERROR] [ne.ne.ne.co.OnlyInWarningsHandler/]: @OnlyIn used on class org.betterx.bclib.client.gui.modmenu.TestScreen
[22:17:21] [modloading-worker-0/ERROR] [ne.ne.ne.co.OnlyInWarningsHandler/]: @OnlyIn used on class org.betterx.bclib.client.gui.screens.BackupFailedScreen
[22:17:21] [modloading-worker-0/ERROR] [ne.ne.ne.co.OnlyInWarningsHandler/]: @OnlyIn used on class org.betterx.bclib.client.gui.screens.ConfirmFixScreen$Listener
[22:17:21] [modloading-worker-0/ERROR] [ne.ne.ne.co.OnlyInWarningsHandler/]: @OnlyIn used on class org.betterx.bclib.client.gui.screens.ConfirmFixScreen
[22:17:21] [modloading-worker-0/ERROR] [ne.ne.ne.co.OnlyInWarningsHandler/]: @OnlyIn used on class org.betterx.bclib.client.gui.screens.ConfirmRestartScreen$Listener
[22:17:21] [modloading-worker-0/ERROR] [ne.ne.ne.co.OnlyInWarningsHandler/]: @OnlyIn used on class org.betterx.bclib.client.gui.screens.ConfirmRestartScreen
[22:17:21] [modloading-worker-0/ERROR] [ne.ne.ne.co.OnlyInWarningsHandler/]: @OnlyIn used on class org.betterx.bclib.client.gui.screens.LevelFixErrorScreen$Listener
[22:17:21] [modloading-worker-0/ERROR] [ne.ne.ne.co.OnlyInWarningsHandler/]: @OnlyIn used on class org.betterx.bclib.client.gui.screens.LevelFixErrorScreen
[22:17:21] [modloading-worker-0/ERROR] [ne.ne.ne.co.OnlyInWarningsHandler/]: @OnlyIn used on class org.betterx.bclib.client.gui.screens.WarnBCLibVersionMismatch$Listener
[22:17:21] [modloading-worker-0/ERROR] [ne.ne.ne.co.OnlyInWarningsHandler/]: @OnlyIn used on class org.betterx.bclib.client.gui.screens.WarnBCLibVersionMismatch
[22:17:21] [modloading-worker-0/ERROR] [ne.ne.ne.co.OnlyInWarningsHandler/]: @OnlyIn used on class org.betterx.bclib.client.models.ModelsHelper
[22:17:21] [modloading-worker-0/ERROR] [ne.ne.ne.co.OnlyInWarningsHandler/]: @OnlyIn used on class org.betterx.bclib.client.models.OBJBlockModel
[22:17:21] [modloading-worker-0/ERROR] [ne.ne.ne.co.OnlyInWarningsHandler/]: @OnlyIn used on class org.betterx.bclib.client.models.OBJModelBuilder
[22:17:21] [modloading-worker-0/ERROR] [ne.ne.ne.co.OnlyInWarningsHandler/]: @OnlyIn used on class org.betterx.bclib.client.models.UnbakedQuad
[22:17:21] [modloading-worker-0/ERROR] [ne.ne.ne.co.OnlyInWarningsHandler/]: @OnlyIn used on class org.betterx.bclib.client.render.BaseChestBlockEntityRenderer
[22:17:21] [modloading-worker-0/ERROR] [ne.ne.ne.co.OnlyInWarningsHandler/]: @OnlyIn used on class org.betterx.bclib.client.render.BoatRenderer
[22:17:21] [modloading-worker-0/ERROR] [ne.ne.ne.co.OnlyInWarningsHandler/]: @OnlyIn used on class org.betterx.bclib.client.render.HumanoidArmorRenderer
[22:17:21] [modloading-worker-0/ERROR] [ne.ne.ne.co.OnlyInWarningsHandler/]: @OnlyIn used on class org.betterx.bclib.client.textures.AtlasSetManager
[22:17:21] [modloading-worker-0/ERROR] [ne.ne.ne.co.OnlyInWarningsHandler/]: @OnlyIn used on class org.betterx.bclib.client.textures.SpriteLister
[22:17:21] [modloading-worker-0/ERROR] [ne.ne.ne.co.OnlyInWarningsHandler/]: @OnlyIn used on method org.betterx.bclib.furniture.block.AbstractChair.provideBlockModels(Lorg/betterx/wover/block/api/model/WoverBlockModelGenerators;)V
[22:17:21] [modloading-worker-0/ERROR] [ne.ne.ne.co.OnlyInWarningsHandler/]: @OnlyIn used on method org.betterx.bclib.furniture.block.BaseBarStool.provideBlockModels(Lorg/betterx/wover/block/api/model/WoverBlockModelGenerators;)V
[22:17:21] [modloading-worker-0/ERROR] [ne.ne.ne.co.OnlyInWarningsHandler/]: @OnlyIn used on method org.betterx.bclib.furniture.block.BaseChair.provideBlockModels(Lorg/betterx/wover/block/api/model/WoverBlockModelGenerators;)V
[22:17:21] [modloading-worker-0/ERROR] [ne.ne.ne.co.OnlyInWarningsHandler/]: @OnlyIn used on method org.betterx.bclib.furniture.block.BaseTaburet.provideBlockModels(Lorg/betterx/wover/block/api/model/WoverBlockModelGenerators;)V
[22:17:21] [modloading-worker-0/ERROR] [ne.ne.ne.co.OnlyInWarningsHandler/]: @OnlyIn used on class org.betterx.bclib.furniture.renderer.RenderChair
[22:17:21] [modloading-worker-0/ERROR] [ne.ne.ne.co.OnlyInWarningsHandler/]: @OnlyIn used on class org.betterx.bclib.interfaces.ClientLevelAccess
[22:17:21] [modloading-worker-0/ERROR] [ne.ne.ne.co.OnlyInWarningsHandler/]: @OnlyIn used on method org.betterx.bclib.interfaces.ItemModelProvider.getItemModel(Lnet/minecraft/resources/Identifier;)Lnet/minecraft/client/renderer/block/model/BlockModel;
[22:17:21] [modloading-worker-0/ERROR] [ne.ne.ne.co.OnlyInWarningsHandler/]: @OnlyIn used on class org.betterx.bclib.interfaces.LevelRendererAccess
[22:17:21] [modloading-worker-0/ERROR] [ne.ne.ne.co.OnlyInWarningsHandler/]: @OnlyIn used on method org.betterx.bclib.interfaces.RuntimeBlockModelProvider.registerBlockModel(Lnet/minecraft/resources/Identifier;Lnet/minecraft/resources/Identifier;Lnet/minecraft/world/level/block/state/BlockState;Ljava/util/Map;)V
[22:17:21] [modloading-worker-0/ERROR] [ne.ne.ne.co.OnlyInWarningsHandler/]: @OnlyIn used on method org.betterx.bclib.interfaces.RuntimeBlockModelProvider.getModelVariant(Lnet/minecraft/resources/Identifier;Lnet/minecraft/world/level/block/state/BlockState;Ljava/util/Map;)Lnet/minecraft/client/renderer/block/model/BlockStateModel$UnbakedRoot;
[22:17:21] [modloading-worker-0/ERROR] [ne.ne.ne.co.OnlyInWarningsHandler/]: @OnlyIn used on method org.betterx.bclib.interfaces.RuntimeBlockModelProvider.getBlockModel(Lnet/minecraft/resources/Identifier;Lnet/minecraft/world/level/block/state/BlockState;)Lnet/minecraft/client/renderer/block/model/BlockModel;
[22:17:21] [modloading-worker-0/ERROR] [ne.ne.ne.co.OnlyInWarningsHandler/]: @OnlyIn used on method org.betterx.bclib.interfaces.SurvivesOnSpecialGround.appendHoverTextUnderwaterInDepth(Ljava/util/List;I)V
[22:17:21] [modloading-worker-0/ERROR] [ne.ne.ne.co.OnlyInWarningsHandler/]: @OnlyIn used on method org.betterx.bclib.interfaces.SurvivesOnSpecialGround.appendHoverTextUnderwater(Ljava/util/List;)V
[22:17:21] [modloading-worker-0/ERROR] [ne.ne.ne.co.OnlyInWarningsHandler/]: @OnlyIn used on method org.betterx.bclib.interfaces.SurvivesOnSpecialGround.appendHoverText(Lorg/betterx/bclib/interfaces/SurvivesOnSpecialGround;Ljava/util/List;)V
[22:17:21] [modloading-worker-0/ERROR] [ne.ne.ne.co.OnlyInWarningsHandler/]: @OnlyIn used on method org.betterx.bclib.interfaces.SurvivesOnSpecialGround.splitLines(Ljava/lang/String;)Ljava/util/List;
[22:17:21] [modloading-worker-0/ERROR] [ne.ne.ne.co.OnlyInWarningsHandler/]: @OnlyIn used on method org.betterx.bclib.items.BaseSpawnEggItem.getItemModel(Lnet/minecraft/resources/Identifier;)Lnet/minecraft/client/renderer/block/model/BlockModel;
[22:17:21] [modloading-worker-0/ERROR] [ne.ne.ne.co.OnlyInWarningsHandler/]: @OnlyIn used on method org.betterx.bclib.items.boat.BoatTypeOverride.createBoatModels(Lnet/minecraft/client/renderer/entity/EntityRendererProvider$Context;)V
[22:17:21] [modloading-worker-0/ERROR] [ne.ne.ne.co.OnlyInWarningsHandler/]: @OnlyIn used on method org.betterx.bclib.items.boat.BoatTypeOverride.getBoatModel(Z)Ljava/lang/Object;
[22:17:21] [modloading-worker-0/ERROR] [ne.ne.ne.co.OnlyInWarningsHandler/]: @OnlyIn used on field org.betterx.bclib.items.boat.BoatTypeOverride.chestBoatModel
[22:17:21] [modloading-worker-0/ERROR] [ne.ne.ne.co.OnlyInWarningsHandler/]: @OnlyIn used on field org.betterx.bclib.items.boat.BoatTypeOverride.boatModel
[22:17:21] [modloading-worker-0/ERROR] [ne.ne.ne.co.OnlyInWarningsHandler/]: @OnlyIn used on method org.betterx.bclib.items.DebugDataItem.getItemModel(Lnet/minecraft/resources/Identifier;)Lnet/minecraft/client/renderer/block/model/BlockModel;
[22:17:21] [modloading-worker-0/ERROR] [ne.ne.ne.co.OnlyInWarningsHandler/]: @OnlyIn used on method org.betterx.bclib.items.ModelProviderItem.getItemModel(Lnet/minecraft/resources/Identifier;)Lnet/minecraft/client/renderer/block/model/BlockModel;
[22:17:21] [modloading-worker-0/ERROR] [ne.ne.ne.co.OnlyInWarningsHandler/]: @OnlyIn used on method org.betterx.bclib.items.tool.BaseAxeItem.getItemModel(Lnet/minecraft/resources/Identifier;)Lnet/minecraft/client/renderer/block/model/BlockModel;
[22:17:21] [modloading-worker-0/ERROR] [ne.ne.ne.co.OnlyInWarningsHandler/]: @OnlyIn used on method org.betterx.bclib.items.tool.BaseHoeItem.getItemModel(Lnet/minecraft/resources/Identifier;)Lnet/minecraft/client/renderer/block/model/BlockModel;
[22:17:21] [modloading-worker-0/ERROR] [ne.ne.ne.co.OnlyInWarningsHandler/]: @OnlyIn used on method org.betterx.bclib.items.tool.BasePickaxeItem.getItemModel(Lnet/minecraft/resources/Identifier;)Lnet/minecraft/client/renderer/block/model/BlockModel;
[22:17:21] [modloading-worker-0/ERROR] [ne.ne.ne.co.OnlyInWarningsHandler/]: @OnlyIn used on method org.betterx.bclib.items.tool.BaseShovelItem.getItemModel(Lnet/minecraft/resources/Identifier;)Lnet/minecraft/client/renderer/block/model/BlockModel;
[22:17:21] [modloading-worker-0/ERROR] [ne.ne.ne.co.OnlyInWarningsHandler/]: @OnlyIn used on method org.betterx.bclib.items.tool.BaseSwordItem.getItemModel(Lnet/minecraft/resources/Identifier;)Lnet/minecraft/client/renderer/block/model/BlockModel;
[22:17:21] [modloading-worker-0/ERROR] [ne.ne.ne.co.OnlyInWarningsHandler/]: @OnlyIn used on class org.betterx.bclib.mixin.client.ClientLevelMixin
[22:17:21] [modloading-worker-0/ERROR] [ne.ne.ne.co.OnlyInWarningsHandler/]: @OnlyIn used on class org.betterx.bclib.mixin.client.DebugRendererMixin
[22:17:21] [modloading-worker-0/ERROR] [ne.ne.ne.co.OnlyInWarningsHandler/]: @OnlyIn used on class org.betterx.bclib.mixin.client.LevelRendererMixin
[22:17:21] [modloading-worker-0/ERROR] [ne.ne.ne.co.OnlyInWarningsHandler/]: @OnlyIn used on method org.betterx.bclib.recipes.AlloyingRecipe.getToastSymbol()Lnet/minecraft/world/item/ItemStack;
[22:17:21] [modloading-worker-0/ERROR] [ne.ne.ne.co.OnlyInWarningsHandler/]: @OnlyIn used on class org.betterx.bclib.registry.BaseBlockEntityRenders
[22:17:21] [modloading-worker-0/ERROR] [ne.ne.ne.co.OnlyInWarningsHandler/]: @OnlyIn used on method org.betterx.bclib.util.JsonFactory.getJsonObject(Lnet/minecraft/resources/Identifier;)Lcom/google/gson/JsonObject;
[22:17:21] [modloading-worker-0/ERROR] [ne.ne.ne.co.OnlyInWarningsHandler/]: @OnlyIn used on method org.betterx.ui.ColorUtil.loadImage(Lnet/minecraft/resources/Identifier;II)Lcom/mojang/blaze3d/platform/NativeImage;
[22:17:21] [modloading-worker-0/ERROR] [ne.ne.ne.co.OnlyInWarningsHandler/]: @OnlyIn used on method org.betterx.ui.ColorUtil.extractColor(Lnet/minecraft/world/item/Item;)I
[22:17:21] [modloading-worker-0/ERROR] [ne.ne.ne.co.OnlyInWarningsHandler/]: The mod wover uses the @OnlyIn annotation; the runtime member-stripping behaviour of this annotation is no longer present, which may lead to issues if that behaviour was relied upon
[22:17:21] [modloading-worker-0/ERROR] [ne.ne.ne.co.OnlyInWarningsHandler/]: @OnlyIn used on method org.betterx.wover.block.api.model.BlockModelProvider.provideBlockModels(Lorg/betterx/wover/block/api/model/WoverBlockModelGenerators;)V
[22:17:21] [modloading-worker-0/ERROR] [ne.ne.ne.co.OnlyInWarningsHandler/]: @OnlyIn used on class org.betterx.wover.events.mixin.client.allow_experimental_warning_screen.WorldOpenFlowsMixin
[22:17:21] [modloading-worker-0/ERROR] [ne.ne.ne.co.OnlyInWarningsHandler/]: @OnlyIn used on class org.betterx.wover.events.mixin.client.before_client_load.WorldOpenFlowsMixin
[22:17:21] [modloading-worker-0/ERROR] [ne.ne.ne.co.OnlyInWarningsHandler/]: @OnlyIn used on class org.betterx.wover.events.mixin.client.create_new_world_folder.CreateWorldScreenMixin
[22:17:21] [modloading-worker-0/ERROR] [ne.ne.ne.co.OnlyInWarningsHandler/]: @OnlyIn used on class org.betterx.wover.events.mixin.client.world_folder.CreateWorldScreenMixin
[22:17:21] [modloading-worker-0/ERROR] [ne.ne.ne.co.OnlyInWarningsHandler/]: @OnlyIn used on class org.betterx.wover.events.mixin.client.world_folder.WorldOpenFlowsMixin
[22:17:21] [modloading-worker-0/ERROR] [ne.ne.ne.co.OnlyInWarningsHandler/]: @OnlyIn used on class org.betterx.wover.events.mixin.client.world_registry.CreateWorldScreenMixin
[22:17:21] [modloading-worker-0/ERROR] [ne.ne.ne.co.OnlyInWarningsHandler/]: @OnlyIn used on method org.betterx.wover.generator.api.client.biomesource.client.BiomeSourceConfigPanel.getPanel()Lde/ambertation/wunderlib/ui/layout/components/LayoutComponent;
[22:17:21] [modloading-worker-0/ERROR] [ne.ne.ne.co.OnlyInWarningsHandler/]: @OnlyIn used on method org.betterx.wover.generator.api.client.biomesource.client.BiomeSourceWithConfigScreen.biomeSourceConfigPanel(Lnet/minecraft/client/gui/screens/Screen;)Lorg/betterx/wover/generator/api/client/biomesource/client/BiomeSourceConfigPanel;
[22:17:21] [modloading-worker-0/ERROR] [ne.ne.ne.co.OnlyInWarningsHandler/]: @OnlyIn used on method org.betterx.wover.generator.impl.biomesource.end.WoverEndBiomeSource.biomeSourceConfigPanel(Lnet/minecraft/client/gui/screens/Screen;)Lorg/betterx/wover/generator/api/client/biomesource/client/BiomeSourceConfigPanel;
[22:17:21] [modloading-worker-0/ERROR] [ne.ne.ne.co.OnlyInWarningsHandler/]: @OnlyIn used on method org.betterx.wover.generator.impl.biomesource.nether.WoverNetherBiomeSource.biomeSourceConfigPanel(Lnet/minecraft/client/gui/screens/Screen;)Lorg/betterx/wover/generator/api/client/biomesource/client/BiomeSourceConfigPanel;
[22:17:21] [modloading-worker-0/ERROR] [ne.ne.ne.co.OnlyInWarningsHandler/]: @OnlyIn used on class org.betterx.wover.generator.impl.client.WorldSetupScreen
[22:17:21] [modloading-worker-0/ERROR] [ne.ne.ne.co.OnlyInWarningsHandler/]: @OnlyIn used on class org.betterx.wover.preset.api.client.WorldPresetsUI
[22:17:21] [modloading-worker-0/ERROR] [ne.ne.ne.co.OnlyInWarningsHandler/]: @OnlyIn used on class org.betterx.wover.preset.impl.client.WorldPresetsClientImpl
[22:17:21] [modloading-worker-0/ERROR] [ne.ne.ne.co.OnlyInWarningsHandler/]: @OnlyIn used on class org.betterx.wover.preset.mixin.client.CreateWorldScreenMixin
[22:17:21] [modloading-worker-0/ERROR] [ne.ne.ne.co.OnlyInWarningsHandler/]: @OnlyIn used on class org.betterx.wover.preset.mixin.client.WorldCreationUIStateMixin
[22:17:21] [modloading-worker-0/ERROR] [ne.ne.ne.co.OnlyInWarningsHandler/]: @OnlyIn used on class org.betterx.wover.config.api.client.ClientConfig
[22:17:21] [modloading-worker-0/ERROR] [ne.ne.ne.co.OnlyInWarningsHandler/]: @OnlyIn used on class org.betterx.wover.config.api.client.ClientConfigs
[22:17:21] [modloading-worker-0/ERROR] [ne.ne.ne.co.OnlyInWarningsHandler/]: @OnlyIn used on class org.betterx.wover.ui.impl.client.UpdatesScreen
[22:17:21] [modloading-worker-0/ERROR] [ne.ne.ne.co.OnlyInWarningsHandler/]: @OnlyIn used on class org.betterx.wover.ui.impl.client.VersionCheckerClient
[22:17:21] [modloading-worker-0/ERROR] [ne.ne.ne.co.OnlyInWarningsHandler/]: The mod wunderlib uses the @OnlyIn annotation; the runtime member-stripping behaviour of this annotation is no longer present, which may lead to issues if that behaviour was relied upon
[22:17:21] [modloading-worker-0/ERROR] [ne.ne.ne.co.OnlyInWarningsHandler/]: @OnlyIn used on method de.ambertation.wunderlib.configs.AbstractConfig.getAllCategories(Ljava/util/List;)Ljava/lang/String;
[22:17:21] [modloading-worker-0/ERROR] [ne.ne.ne.co.OnlyInWarningsHandler/]: @OnlyIn used on method de.ambertation.wunderlib.configs.AbstractConfig.getAllGroups(Ljava/util/List;)Ljava/util/List;
[22:17:21] [modloading-worker-0/ERROR] [ne.ne.ne.co.OnlyInWarningsHandler/]: @OnlyIn used on method de.ambertation.wunderlib.configs.AbstractConfig.getAllGroups()Ljava/util/List;
[22:17:21] [modloading-worker-0/ERROR] [ne.ne.ne.co.OnlyInWarningsHandler/]: @OnlyIn used on method de.ambertation.wunderlib.configs.AbstractConfig.getAllVisibleValues(Lde/ambertation/wunderlib/configs/AbstractConfig$Group;Ljava/util/List;)Ljava/util/List;
[22:17:21] [modloading-worker-0/ERROR] [ne.ne.ne.co.OnlyInWarningsHandler/]: @OnlyIn used on method de.ambertation.wunderlib.configs.AbstractConfig.getAllVisibleValues(Lde/ambertation/wunderlib/configs/AbstractConfig$Group;)Ljava/util/List;
[22:17:21] [modloading-worker-0/ERROR] [ne.ne.ne.co.OnlyInWarningsHandler/]: @OnlyIn used on method de.ambertation.wunderlib.configs.AbstractConfig.getAllVisibleValues()Ljava/util/List;
[22:17:21] [modloading-worker-0/ERROR] [ne.ne.ne.co.OnlyInWarningsHandler/]: @OnlyIn used on method de.ambertation.wunderlib.configs.AbstractConfig.getAllValues()Ljava/util/List;
[22:17:21] [modloading-worker-0/ERROR] [ne.ne.ne.co.OnlyInWarningsHandler/]: @OnlyIn used on method de.ambertation.wunderlib.network.ClientBoundNetworkPayload.processOnGameThread(Lnet/minecraft/client/Minecraft;)V
[22:17:21] [modloading-worker-0/ERROR] [ne.ne.ne.co.OnlyInWarningsHandler/]: @OnlyIn used on method de.ambertation.wunderlib.network.ClientBoundNetworkPayload.processOnClient(Lde/ambertation/wunderlib/network/PacketSender;)V
[22:17:21] [modloading-worker-0/ERROR] [ne.ne.ne.co.OnlyInWarningsHandler/]: @OnlyIn used on method de.ambertation.wunderlib.network.ServerBoundNetworkPayload.prepareOnClient()V
[22:17:21] [modloading-worker-0/ERROR] [ne.ne.ne.co.OnlyInWarningsHandler/]: @OnlyIn used on method de.ambertation.wunderlib.network.ServerBoundPacketHandler.sendToServer(Lde/ambertation/wunderlib/network/ServerBoundNetworkPayload;)V
[22:17:21] [modloading-worker-0/ERROR] [ne.ne.ne.co.OnlyInWarningsHandler/]: @OnlyIn used on class de.ambertation.wunderlib.ui.layout.components.AbstractHorizontalStack
[22:17:21] [modloading-worker-0/ERROR] [ne.ne.ne.co.OnlyInWarningsHandler/]: @OnlyIn used on class de.ambertation.wunderlib.ui.layout.components.AbstractStack
[22:17:21] [modloading-worker-0/ERROR] [ne.ne.ne.co.OnlyInWarningsHandler/]: @OnlyIn used on class de.ambertation.wunderlib.ui.layout.components.AbstractVanillaComponentRenderer
[22:17:21] [modloading-worker-0/ERROR] [ne.ne.ne.co.OnlyInWarningsHandler/]: @OnlyIn used on class de.ambertation.wunderlib.ui.layout.components.AbstractVerticalStack
[22:17:21] [modloading-worker-0/ERROR] [ne.ne.ne.co.OnlyInWarningsHandler/]: @OnlyIn used on class de.ambertation.wunderlib.ui.layout.components.Button$OnPress
[22:17:21] [modloading-worker-0/ERROR] [ne.ne.ne.co.OnlyInWarningsHandler/]: @OnlyIn used on class de.ambertation.wunderlib.ui.layout.components.Button$OnTooltip
[22:17:21] [modloading-worker-0/ERROR] [ne.ne.ne.co.OnlyInWarningsHandler/]: @OnlyIn used on class de.ambertation.wunderlib.ui.layout.components.Button
[22:17:21] [modloading-worker-0/ERROR] [ne.ne.ne.co.OnlyInWarningsHandler/]: @OnlyIn used on class de.ambertation.wunderlib.ui.layout.components.Checkbox
[22:17:21] [modloading-worker-0/ERROR] [ne.ne.ne.co.OnlyInWarningsHandler/]: @OnlyIn used on class de.ambertation.wunderlib.ui.layout.components.ColorPicker
[22:17:21] [modloading-worker-0/ERROR] [ne.ne.ne.co.OnlyInWarningsHandler/]: @OnlyIn used on class de.ambertation.wunderlib.ui.layout.components.ColorSwatch
[22:17:21] [modloading-worker-0/ERROR] [ne.ne.ne.co.OnlyInWarningsHandler/]: @OnlyIn used on class de.ambertation.wunderlib.ui.layout.components.ComponentWithBounds
[22:17:21] [modloading-worker-0/ERROR] [ne.ne.ne.co.OnlyInWarningsHandler/]: @OnlyIn used on class de.ambertation.wunderlib.ui.layout.components.Container
[22:17:21] [modloading-worker-0/ERROR] [ne.ne.ne.co.OnlyInWarningsHandler/]: @OnlyIn used on class de.ambertation.wunderlib.ui.layout.components.CustomRenderComponent
[22:17:21] [modloading-worker-0/ERROR] [ne.ne.ne.co.OnlyInWarningsHandler/]: @OnlyIn used on class de.ambertation.wunderlib.ui.layout.components.Empty
[22:17:21] [modloading-worker-0/ERROR] [ne.ne.ne.co.OnlyInWarningsHandler/]: @OnlyIn used on class de.ambertation.wunderlib.ui.layout.components.HLine
[22:17:21] [modloading-worker-0/ERROR] [ne.ne.ne.co.OnlyInWarningsHandler/]: @OnlyIn used on class de.ambertation.wunderlib.ui.layout.components.HorizontalStack
[22:17:21] [modloading-worker-0/ERROR] [ne.ne.ne.co.OnlyInWarningsHandler/]: @OnlyIn used on class de.ambertation.wunderlib.ui.layout.components.Image
[22:17:21] [modloading-worker-0/ERROR] [ne.ne.ne.co.OnlyInWarningsHandler/]: @OnlyIn used on class de.ambertation.wunderlib.ui.layout.components.ImageButton$OnPress
[22:17:21] [modloading-worker-0/ERROR] [ne.ne.ne.co.OnlyInWarningsHandler/]: @OnlyIn used on class de.ambertation.wunderlib.ui.layout.components.ImageButton$OnTooltip
[22:17:21] [modloading-worker-0/ERROR] [ne.ne.ne.co.OnlyInWarningsHandler/]: @OnlyIn used on class de.ambertation.wunderlib.ui.layout.components.ImageButton
[22:17:21] [modloading-worker-0/ERROR] [ne.ne.ne.co.OnlyInWarningsHandler/]: @OnlyIn used on class de.ambertation.wunderlib.ui.layout.components.input.RelativeContainerEventHandler
[22:17:21] [modloading-worker-0/ERROR] [ne.ne.ne.co.OnlyInWarningsHandler/]: @OnlyIn used on class de.ambertation.wunderlib.ui.layout.components.Input
[22:17:21] [modloading-worker-0/ERROR] [ne.ne.ne.co.OnlyInWarningsHandler/]: @OnlyIn used on class de.ambertation.wunderlib.ui.layout.components.LayoutComponent
[22:17:21] [modloading-worker-0/ERROR] [ne.ne.ne.co.OnlyInWarningsHandler/]: @OnlyIn used on class de.ambertation.wunderlib.ui.layout.components.Panel
[22:17:21] [modloading-worker-0/ERROR] [ne.ne.ne.co.OnlyInWarningsHandler/]: @OnlyIn used on class de.ambertation.wunderlib.ui.layout.components.Range
[22:17:21] [modloading-worker-0/ERROR] [ne.ne.ne.co.OnlyInWarningsHandler/]: @OnlyIn used on class de.ambertation.wunderlib.ui.layout.components.render.ButtonRenderer
[22:17:21] [modloading-worker-0/ERROR] [ne.ne.ne.co.OnlyInWarningsHandler/]: @OnlyIn used on class de.ambertation.wunderlib.ui.layout.components.render.CheckboxRenderer
[22:17:21] [modloading-worker-0/ERROR] [ne.ne.ne.co.OnlyInWarningsHandler/]: @OnlyIn used on class de.ambertation.wunderlib.ui.layout.components.render.ComponentRenderer
[22:17:21] [modloading-worker-0/ERROR] [ne.ne.ne.co.OnlyInWarningsHandler/]: @OnlyIn used on class de.ambertation.wunderlib.ui.layout.components.render.EditBoxRenderer
[22:17:21] [modloading-worker-0/ERROR] [ne.ne.ne.co.OnlyInWarningsHandler/]: @OnlyIn used on class de.ambertation.wunderlib.ui.layout.components.render.NullRenderer
[22:17:21] [modloading-worker-0/ERROR] [ne.ne.ne.co.OnlyInWarningsHandler/]: @OnlyIn used on class de.ambertation.wunderlib.ui.layout.components.render.RangeRenderer
[22:17:21] [modloading-worker-0/ERROR] [ne.ne.ne.co.OnlyInWarningsHandler/]: @OnlyIn used on class de.ambertation.wunderlib.ui.layout.components.render.ScrollerRenderer
[22:17:21] [modloading-worker-0/ERROR] [ne.ne.ne.co.OnlyInWarningsHandler/]: @OnlyIn used on class de.ambertation.wunderlib.ui.layout.components.render.TextProvider
[22:17:21] [modloading-worker-0/ERROR] [ne.ne.ne.co.OnlyInWarningsHandler/]: @OnlyIn used on class de.ambertation.wunderlib.ui.layout.components.Tabs
[22:17:21] [modloading-worker-0/ERROR] [ne.ne.ne.co.OnlyInWarningsHandler/]: @OnlyIn used on class de.ambertation.wunderlib.ui.layout.components.VerticalScroll
[22:17:21] [modloading-worker-0/ERROR] [ne.ne.ne.co.OnlyInWarningsHandler/]: @OnlyIn used on class de.ambertation.wunderlib.ui.layout.components.VerticalStack
[22:17:21] [modloading-worker-0/ERROR] [ne.ne.ne.co.OnlyInWarningsHandler/]: @OnlyIn used on class de.ambertation.wunderlib.ui.layout.components.VLine
[22:17:21] [modloading-worker-0/ERROR] [ne.ne.ne.co.OnlyInWarningsHandler/]: @OnlyIn used on class de.ambertation.wunderlib.ui.layout.values.Alignment
[22:17:21] [modloading-worker-0/ERROR] [ne.ne.ne.co.OnlyInWarningsHandler/]: @OnlyIn used on class de.ambertation.wunderlib.ui.layout.values.SizeType
[22:17:21] [modloading-worker-0/ERROR] [ne.ne.ne.co.OnlyInWarningsHandler/]: @OnlyIn used on class de.ambertation.wunderlib.ui.layout.values.Value
[22:17:21] [modloading-worker-0/ERROR] [ne.ne.ne.co.OnlyInWarningsHandler/]: @OnlyIn used on class de.ambertation.wunderlib.ui.vanilla.ConfigScreen
[22:17:21] [modloading-worker-0/ERROR] [ne.ne.ne.co.OnlyInWarningsHandler/]: @OnlyIn used on class de.ambertation.wunderlib.ui.vanilla.LayoutScreen
[22:17:21] [modloading-worker-0/INFO] [wover-core/]: (DEBUG) Adding dynamic registry bootstrap: minecraft:worldgen/biome
[22:17:21] [modloading-worker-0/INFO] [wover-core/]: (DEBUG) Creating registry: wover:wover/biome_codec_network
[22:17:21] [modloading-worker-0/INFO] [wover-core/]: (DEBUG) Creating registry: wover:wover/biome_codec
[22:17:21] [modloading-worker-0/INFO] [wover-core/]: (DEBUG) Adding dynamic registry: wover:worldgen/biome_modifications
[22:17:21] [modloading-sync-worker/INFO] [wover-core/]: Processing wover.datapack.registry Entrypoints
[22:17:21] [modloading-sync-worker/INFO] [wover-core/]:     - Processing Entrypoint: org.betterx.wover.entrypoint.BiomeDatapackRegistryEntrypoint
[22:17:21] [modloading-sync-worker/INFO] [wover-core/]: (DEBUG) Adding dynamic registry: wover:worldgen/biome_data
[22:17:21] [modloading-sync-worker/INFO] [wover-core/]:     - Processing Entrypoint: org.betterx.wover.entrypoint.FeatureDatapackRegistryEntrypoint
[22:17:21] [modloading-sync-worker/INFO] [wover-core/]: (DEBUG) Adding dynamic registry bootstrap: minecraft:worldgen/configured_feature
[22:17:21] [modloading-sync-worker/INFO] [wover-core/]: (DEBUG) Adding dynamic registry bootstrap: minecraft:worldgen/placed_feature
[22:17:21] [modloading-sync-worker/INFO] [wover-core/]:     - Processing Entrypoint: org.betterx.wover.entrypoint.ItemDatapackRegistryEntrypoint
[22:17:21] [modloading-sync-worker/INFO] [wover-core/]: (DEBUG) Adding dynamic registry bootstrap: minecraft:enchantment
[22:17:21] [modloading-sync-worker/INFO] [wover-core/]:     - Processing Entrypoint: org.betterx.wover.entrypoint.StructureDatapackRegistryEntrypoint
[22:17:21] [modloading-sync-worker/INFO] [wover-core/]: (DEBUG) Adding dynamic registry bootstrap: minecraft:worldgen/template_pool
[22:17:21] [modloading-sync-worker/INFO] [wover-core/]: (DEBUG) Adding dynamic registry bootstrap: minecraft:worldgen/structure_set
[22:17:21] [modloading-sync-worker/INFO] [wover-core/]:     - Processing Entrypoint: org.betterx.wover.entrypoint.SurfaceDatapackRegistryEntrypoint
[22:17:22] [Worker-Main-1/WARN] [wover-core/]: DID NOT bootstrap VanillaRegistries.
[22:17:22] [main/INFO] [minecraft/DataGenerator]: All providers took: 0 ms
[22:17:23] [main/INFO] [minecraft/HashCache]: Caching: total files: 0, old count: 0, new count: 1, removed stale: 0, written: 0
[22:17:23] [main/INFO] [ne.ne.fm.lo.FMLLoader/]: Closing FML Loader 369730aa
[22:17:23] [main/INFO] [ne.ne.fm.ModLoader/]: Clearing ModLoader

> Task :BCLib:jar UP-TO-DATE

> Task :compileJava
Note: SpongePowered MIXIN Annotation Processor Version=0.8.7 (MixinGradle Version=0.8)
Note: Supported obfuscation types: ObfuscationServiceMCP supports [notch] ObfuscationServiceFG3 supports [searge]
Note: Loading searge mappings from C:\Users\Redmi\Desktop\BetterMods\BetterNether-1.21.11\build\mappings\betternether-m
ixin-reobf.tsrg
Note: Writing refmap to C:\Users\Redmi\Desktop\BetterMods\BetterNether-1.21.11\build\resources\main\betternether.refmap
.json
C:\Users\Redmi\Desktop\BetterMods\BetterNether-1.21.11\src\main\java\org\betterx\betternether\mixin\common\PlayerEntity
Mixin.java:25: warning: Cannot find target for @Shadow method in net.minecraft.server.level.ServerPlayer
    @Shadow
    ^
C:\Users\Redmi\Desktop\BetterMods\BetterNether-1.21.11\src\main\java\org\betterx\betternether\mixin\common\PlayerEntity
Mixin.java:28: warning: Cannot find target for @Shadow field in net.minecraft.server.level.ServerPlayer
    @Shadow
    ^
Note: Writing refmap to C:\Users\Redmi\Desktop\BetterMods\BetterNether-1.21.11\build\resources\main\betternether.refmap
.json
Note: Writing searge composite mappings to C:\Users\Redmi\Desktop\BetterMods\BetterNether-1.21.11\build\mappings\better
nether-mixin-out.tsrg
Note: Writing refmap to C:\Users\Redmi\Desktop\BetterMods\BetterNether-1.21.11\build\resources\main\betternether.refmap
.json
Note: Writing refmap to C:\Users\Redmi\Desktop\BetterMods\BetterNether-1.21.11\build\resources\main\betternether.refmap
.json
Note: Writing searge composite mappings to C:\Users\Redmi\Desktop\BetterMods\BetterNether-1.21.11\build\mappings\better
nether-mixin-out.tsrg
Note: Some input files use or override a deprecated API.
Note: Recompile with -Xlint:deprecation for details.
Note: Some input files use unchecked or unsafe operations.
Note: Recompile with -Xlint:unchecked for details.
2 warnings

> Task :processResources
> Task :fixMixinRefmap

[Incubating] Problems report is available at: file:///C:/Users/Redmi/Desktop/BetterMods/BetterNether-1.21.11/build/reports/problems/problems-report.html

Deprecated Gradle features were used in this build, making it incompatible with Gradle 9.0.

You can use '--warning-mode all' to show the individual deprecation warnings and determine if they come from your own scripts or plugins.

For more on this, please refer to https://docs.gradle.org/8.13/userguide/command_line_interface.html#sec:command_line_warnings in the Gradle documentation.

BUILD SUCCESSFUL in 3m 3s
95 actionable tasks: 26 executed, 69 up-to-date

C:\Users\Redmi\Desktop\BetterMods\BetterNether-1.21.11>if "0" == "0" goto mainEnd 

C:\Users\Redmi\Desktop\BetterMods\BetterNether-1.21.11>if "Windows_NT" == "Windows_NT" endlocal
